<html>
<body>
<pre>
<h1>µVision Build Log</h1>
<h2>Tool Versions:</h2>
IDE-Version: µVision V5.38.0.0
Copyright (C) 2022 ARM Ltd and ARM Germany GmbH. All rights reserved.
License Information: Sara Ahmad, University of Toronto, LIC=----
 
Tool Versions:
Toolchain:       MDK-Lite  Version: 5.38.0.0
Toolchain Path:  C:\Keil_v5\ARM\ARMCLANG\Bin
C Compiler:      ArmClang.exe V6.19
Assembler:       Armasm.exe V6.19
Linker/Locator:  ArmLink.exe V6.19
Library Manager: ArmAr.exe V6.19
Hex Converter:   FromElf.exe V6.19
CPU DLL:         SARMCM3.DLL V5.38.0.0
Dialog DLL:      DCM.DLL V1.17.5.0
Target DLL:      STLink\ST-LINKIII-KEIL_SWO.dll V3.1.0.0
Dialog DLL:      TCM.DLL V1.56.4.0
 
<h2>Project:</h2>
C:\Users\Admin\Git\ECE342_project\ece342_project\MDK-ARM\ece342_project.uvprojx
Project File Date:  03/31/2023

<h2>Output:</h2>
*** Using Compiler 'V6.19', folder: 'C:\Keil_v5\ARM\ARMCLANG\Bin'
Build target 'ece342_project'
../Core/Src/main.c(149): warning: incompatible pointer types passing 'int *' to parameter of type 'uint8_t *' (aka 'unsigned char *') [-Wincompatible-pointer-types]
                        spi_read(0x0E, &data, 2); //xdata
                                       ^~~~~
../Core/Inc/main.h(69): note: passing argument to parameter 'pData' here
HAL_StatusTypeDef spi_read(uint8_t regAddr, uint8_t *pData, uint8_t len);
                                                     ^
../Core/Src/main.c(156): warning: incompatible pointer types passing 'int *' to parameter of type 'uint8_t *' (aka 'unsigned char *') [-Wincompatible-pointer-types]
                        spi_read(0x10, &data, 2); //xdata
                                       ^~~~~
../Core/Inc/main.h(69): note: passing argument to parameter 'pData' here
HAL_StatusTypeDef spi_read(uint8_t regAddr, uint8_t *pData, uint8_t len);
                                                     ^
../Core/Src/main.c(163): warning: incompatible pointer types passing 'int *' to parameter of type 'uint8_t *' (aka 'unsigned char *') [-Wincompatible-pointer-types]
                        spi_read(0x12, &data, 2); //xdata
                                       ^~~~~
../Core/Inc/main.h(69): note: passing argument to parameter 'pData' here
HAL_StatusTypeDef spi_read(uint8_t regAddr, uint8_t *pData, uint8_t len);
                                                     ^
../Core/Src/main.c(311): warning: incompatible pointer types passing 'uint16_t *' (aka 'unsigned short *') to parameter of type 'uint8_t *' (aka 'unsigned char *') [-Wincompatible-pointer-types]
                        spi_read(0x0E, &data, 2); //xdata
                                       ^~~~~
../Core/Inc/main.h(69): note: passing argument to parameter 'pData' here
HAL_StatusTypeDef spi_read(uint8_t regAddr, uint8_t *pData, uint8_t len);
                                                     ^
../Core/Src/main.c(316): warning: passing 'uint16_t *' (aka 'unsigned short *') to parameter of type 'int16_t *' (aka 'short *') converts between pointers to integer types with different sign [-Wpointer-sign]
                        x_accl[i] = adxl362_read_x(&data);
                                                   ^~~~~
../Core/Inc/adxl362.h(50): note: passing argument to parameter 'pData' here
int16_t adxl362_read_x(int16_t *pData);
                                ^
../Core/Src/main.c(321): warning: incompatible pointer types passing 'uint16_t *' (aka 'unsigned short *') to parameter of type 'uint8_t *' (aka 'unsigned char *') [-Wincompatible-pointer-types]
                        spi_read(0x10, &data, 2); //ydata
                                       ^~~~~
../Core/Inc/main.h(69): note: passing argument to parameter 'pData' here
HAL_StatusTypeDef spi_read(uint8_t regAddr, uint8_t *pData, uint8_t len);
                                                     ^
../Core/Src/main.c(344): warning: incompatible pointer types passing 'uint16_t *' (aka 'unsigned short *') to parameter of type 'uint8_t *' (aka 'unsigned char *') [-Wincompatible-pointer-types]
                        spi_read(0x12, &data, 2); //zdata
                                       ^~~~~
../Core/Inc/main.h(69): note: passing argument to parameter 'pData' here
HAL_StatusTypeDef spi_read(uint8_t regAddr, uint8_t *pData, uint8_t len);
                                                     ^
../Core/Src/main.c(377): warning: incompatible pointer types passing 'uint16_t *' (aka 'unsigned short *') to parameter of type 'uint8_t *' (aka 'unsigned char *') [-Wincompatible-pointer-types]
                spi_read(0x0E, &data, 2); //xdata
                               ^~~~~
../Core/Inc/main.h(69): note: passing argument to parameter 'pData' here
HAL_StatusTypeDef spi_read(uint8_t regAddr, uint8_t *pData, uint8_t len);
                                                     ^
../Core/Src/main.c(386): warning: incompatible pointer types passing 'uint16_t *' (aka 'unsigned short *') to parameter of type 'uint8_t *' (aka 'unsigned char *') [-Wincompatible-pointer-types]
        spi_read(0x10, &data, 2); //ydata
                       ^~~~~
../Core/Inc/main.h(69): note: passing argument to parameter 'pData' here
HAL_StatusTypeDef spi_read(uint8_t regAddr, uint8_t *pData, uint8_t len);
                                                     ^
../Core/Src/main.c(394): warning: incompatible pointer types passing 'uint16_t *' (aka 'unsigned short *') to parameter of type 'uint8_t *' (aka 'unsigned char *') [-Wincompatible-pointer-types]
        spi_read(0x12, &data, 2); //zdata
                       ^~~~~
../Core/Inc/main.h(69): note: passing argument to parameter 'pData' here
HAL_StatusTypeDef spi_read(uint8_t regAddr, uint8_t *pData, uint8_t len);
                                                     ^
10 warnings generated.
compiling main.c...
linking...
Program Size: Code=22100 RO-data=984 RW-data=16 ZI-data=4072  
FromELF: creating hex file...
"ece342_project\ece342_project.axf" - 0 Error(s), 10 Warning(s).

<h2>Software Packages used:</h2>

Package Vendor: ARM
                http://www.keil.com/pack/ARM.CMSIS.5.9.0.pack
                ARM.CMSIS.5.9.0
                CMSIS (Common Microcontroller Software Interface Standard)
   * Component: CORE Version: 5.6.0

Package Vendor: Keil
                https://www.keil.com/pack/Keil.STM32F4xx_DFP.2.17.0.pack
                Keil.STM32F4xx_DFP.2.17.0
                STMicroelectronics STM32F4 Series Device Support, Drivers and Examples

<h2>Collection of Component include folders:</h2>
  ./RTE/_ece342_project
  C:/Users/Admin/AppData/Local/Arm/Packs/ARM/CMSIS/5.9.0/CMSIS/Core/Include
  C:/Users/Admin/AppData/Local/Arm/Packs/Keil/STM32F4xx_DFP/2.17.0/Drivers/CMSIS/Device/ST/STM32F4xx/Include

<h2>Collection of Component Files used:</h2>

   * Component: ARM::CMSIS:CORE:5.6.0
      Include file:  CMSIS/Core/Include/tz_context.h
Build Time Elapsed:  00:00:02
</pre>
</body>
</html>
