Component: Arm Compiler for Embedded 6.19 Tool: armlink [5e73cb00]

==============================================================================

Section Cross References

    startup_stm32f446xx.o(STACK) refers (Special) to heapauxi.o(.text) for __use_two_region_memory
    startup_stm32f446xx.o(HEAP) refers (Special) to heapauxi.o(.text) for __use_two_region_memory
    startup_stm32f446xx.o(RESET) refers (Special) to heapauxi.o(.text) for __use_two_region_memory
    startup_stm32f446xx.o(RESET) refers to startup_stm32f446xx.o(STACK) for __initial_sp
    startup_stm32f446xx.o(RESET) refers to startup_stm32f446xx.o(.text) for Reset_Handler
    startup_stm32f446xx.o(RESET) refers to stm32f4xx_it.o(.text.NMI_Handler) for NMI_Handler
    startup_stm32f446xx.o(RESET) refers to stm32f4xx_it.o(.text.HardFault_Handler) for HardFault_Handler
    startup_stm32f446xx.o(RESET) refers to stm32f4xx_it.o(.text.MemManage_Handler) for MemManage_Handler
    startup_stm32f446xx.o(RESET) refers to stm32f4xx_it.o(.text.BusFault_Handler) for BusFault_Handler
    startup_stm32f446xx.o(RESET) refers to stm32f4xx_it.o(.text.UsageFault_Handler) for UsageFault_Handler
    startup_stm32f446xx.o(RESET) refers to stm32f4xx_it.o(.text.SVC_Handler) for SVC_Handler
    startup_stm32f446xx.o(RESET) refers to stm32f4xx_it.o(.text.DebugMon_Handler) for DebugMon_Handler
    startup_stm32f446xx.o(RESET) refers to stm32f4xx_it.o(.text.PendSV_Handler) for PendSV_Handler
    startup_stm32f446xx.o(RESET) refers to stm32f4xx_it.o(.text.SysTick_Handler) for SysTick_Handler
    startup_stm32f446xx.o(RESET) refers to stm32f4xx_it.o(.text.DMA1_Stream3_IRQHandler) for DMA1_Stream3_IRQHandler
    startup_stm32f446xx.o(RESET) refers to stm32f4xx_it.o(.text.TIM6_DAC_IRQHandler) for TIM6_DAC_IRQHandler
    startup_stm32f446xx.o(.text) refers (Special) to heapauxi.o(.text) for __use_two_region_memory
    startup_stm32f446xx.o(.text) refers to system_stm32f4xx.o(.text.SystemInit) for SystemInit
    startup_stm32f446xx.o(.text) refers to __main.o(!!!main) for __main
    startup_stm32f446xx.o(.text) refers to startup_stm32f446xx.o(HEAP) for Heap_Mem
    startup_stm32f446xx.o(.text) refers to startup_stm32f446xx.o(STACK) for Stack_Mem
    adxl362.o(.text) refers (Special) to _printf_percent.o(.ARM.Collect$$_printf_percent$$00000000) for _printf_percent
    adxl362.o(.text) refers (Special) to _printf_d.o(.ARM.Collect$$_printf_percent$$00000009) for _printf_d
    adxl362.o(.text) refers (Special) to _printf_dec.o(.text) for _printf_int_dec
    adxl362.o(.text.adxl362_init) refers (Special) to _printf_percent.o(.ARM.Collect$$_printf_percent$$00000000) for _printf_percent
    adxl362.o(.text.adxl362_init) refers (Special) to _printf_d.o(.ARM.Collect$$_printf_percent$$00000009) for _printf_d
    adxl362.o(.text.adxl362_init) refers (Special) to _printf_dec.o(.text) for _printf_int_dec
    adxl362.o(.text.adxl362_init) refers to spi.o(.text.spi_write) for spi_write
    adxl362.o(.ARM.exidx.text.adxl362_init) refers (Special) to _printf_percent.o(.ARM.Collect$$_printf_percent$$00000000) for _printf_percent
    adxl362.o(.ARM.exidx.text.adxl362_init) refers (Special) to _printf_d.o(.ARM.Collect$$_printf_percent$$00000009) for _printf_d
    adxl362.o(.ARM.exidx.text.adxl362_init) refers (Special) to _printf_dec.o(.text) for _printf_int_dec
    adxl362.o(.ARM.exidx.text.adxl362_init) refers to adxl362.o(.text.adxl362_init) for [Anonymous Symbol]
    adxl362.o(.text.adxl362_read_y) refers (Special) to _printf_percent.o(.ARM.Collect$$_printf_percent$$00000000) for _printf_percent
    adxl362.o(.text.adxl362_read_y) refers (Special) to _printf_d.o(.ARM.Collect$$_printf_percent$$00000009) for _printf_d
    adxl362.o(.text.adxl362_read_y) refers (Special) to _printf_dec.o(.text) for _printf_int_dec
    adxl362.o(.text.adxl362_read_y) refers to stm32f4xx_hal_gpio.o(.text.HAL_GPIO_WritePin) for HAL_GPIO_WritePin
    adxl362.o(.text.adxl362_read_y) refers to main.o(.bss.hspi1) for hspi1
    adxl362.o(.text.adxl362_read_y) refers to stm32f4xx_hal_spi.o(.text.HAL_SPI_Transmit) for HAL_SPI_Transmit
    adxl362.o(.text.adxl362_read_y) refers to stm32f4xx_hal_spi.o(.text.HAL_SPI_Receive) for HAL_SPI_Receive
    adxl362.o(.text.adxl362_read_y) refers to adxl362.o(.rodata.str1.1) for .L.str
    adxl362.o(.text.adxl362_read_y) refers to __2sprintf.o(.text) for __2sprintf
    adxl362.o(.text.adxl362_read_y) refers to main.o(.text.print_msg) for print_msg
    adxl362.o(.ARM.exidx.text.adxl362_read_y) refers (Special) to _printf_percent.o(.ARM.Collect$$_printf_percent$$00000000) for _printf_percent
    adxl362.o(.ARM.exidx.text.adxl362_read_y) refers (Special) to _printf_d.o(.ARM.Collect$$_printf_percent$$00000009) for _printf_d
    adxl362.o(.ARM.exidx.text.adxl362_read_y) refers (Special) to _printf_dec.o(.text) for _printf_int_dec
    adxl362.o(.ARM.exidx.text.adxl362_read_y) refers to adxl362.o(.text.adxl362_read_y) for [Anonymous Symbol]
[...]
    .ARM.Collect$$libinit$$0000002E          0x08000288   Section        0  libinit2.o(.ARM.Collect$$libinit$$0000002E)
    .ARM.Collect$$libinit$$00000030          0x08000288   Section        0  libinit2.o(.ARM.Collect$$libinit$$00000030)
    .ARM.Collect$$libinit$$00000032          0x08000288   Section        0  libinit2.o(.ARM.Collect$$libinit$$00000032)
    .ARM.Collect$$libinit$$00000034          0x08000288   Section        0  libinit2.o(.ARM.Collect$$libinit$$00000034)
    .ARM.Collect$$libinit$$00000035          0x08000288   Section        2  libinit2.o(.ARM.Collect$$libinit$$00000035)
    .ARM.Collect$$libshutdown$$00000000      0x0800028a   Section        2  libshutdown.o(.ARM.Collect$$libshutdown$$00000000)
    .ARM.Collect$$libshutdown$$00000002      0x0800028c   Section        0  libshutdown2.o(.ARM.Collect$$libshutdown$$00000002)
    .ARM.Collect$$libshutdown$$00000004      0x0800028c   Section        0  libshutdown2.o(.ARM.Collect$$libshutdown$$00000004)
    .ARM.Collect$$libshutdown$$00000007      0x0800028c   Section        0  libshutdown2.o(.ARM.Collect$$libshutdown$$00000007)
    .ARM.Collect$$libshutdown$$0000000A      0x0800028c   Section        0  libshutdown2.o(.ARM.Collect$$libshutdown$$0000000A)
    .ARM.Collect$$libshutdown$$0000000C      0x0800028c   Section        0  libshutdown2.o(.ARM.Collect$$libshutdown$$0000000C)
    .ARM.Collect$$libshutdown$$0000000F      0x0800028c   Section        0  libshutdown2.o(.ARM.Collect$$libshutdown$$0000000F)
    .ARM.Collect$$libshutdown$$00000010      0x0800028c   Section        2  libshutdown2.o(.ARM.Collect$$libshutdown$$00000010)
    .ARM.Collect$$rtentry$$00000000          0x0800028e   Section        0  __rtentry.o(.ARM.Collect$$rtentry$$00000000)
    .ARM.Collect$$rtentry$$00000002          0x0800028e   Section        0  __rtentry2.o(.ARM.Collect$$rtentry$$00000002)
    .ARM.Collect$$rtentry$$00000004          0x0800028e   Section        6  __rtentry4.o(.ARM.Collect$$rtentry$$00000004)
    .ARM.Collect$$rtentry$$00000009          0x08000294   Section        0  __rtentry2.o(.ARM.Collect$$rtentry$$00000009)
    .ARM.Collect$$rtentry$$0000000A          0x08000294   Section        4  __rtentry2.o(.ARM.Collect$$rtentry$$0000000A)
    .ARM.Collect$$rtentry$$0000000C          0x08000298   Section        0  __rtentry2.o(.ARM.Collect$$rtentry$$0000000C)
    .ARM.Collect$$rtentry$$0000000D          0x08000298   Section        8  __rtentry2.o(.ARM.Collect$$rtentry$$0000000D)
    .ARM.Collect$$rtexit$$00000000           0x080002a0   Section        2  rtexit.o(.ARM.Collect$$rtexit$$00000000)
    .ARM.Collect$$rtexit$$00000002           0x080002a2   Section        0  rtexit2.o(.ARM.Collect$$rtexit$$00000002)
    .ARM.Collect$$rtexit$$00000003           0x080002a2   Section        4  rtexit2.o(.ARM.Collect$$rtexit$$00000003)
    .ARM.Collect$$rtexit$$00000004           0x080002a6   Section        6  rtexit2.o(.ARM.Collect$$rtexit$$00000004)
    $v0                                      0x080002ac   Number         0  startup_stm32f446xx.o(.text)
    .text                                    0x080002ac   Section       64  startup_stm32f446xx.o(.text)
    .text                                    0x080002ec   Section      240  lludivv7m.o(.text)
    .text                                    0x080003dc   Section        0  __2sprintf.o(.text)
    .text                                    0x08000408   Section        0  _printf_pad.o(.text)
    .text                                    0x08000456   Section        0  _printf_truncate.o(.text)
    .text                                    0x0800047a   Section        0  _printf_str.o(.text)
    .text                                    0x080004cc   Section        0  _printf_dec.o(.text)
    .text                                    0x08000544   Section        0  _printf_wctomb.o(.text)
    _printf_longlong_oct_internal            0x08000601   Thumb Code     0  _printf_oct_int_ll.o(.text)
    .text                                    0x08000600   Section        0  _printf_oct_int_ll.o(.text)
    _printf_hex_common                       0x08000671   Thumb Code     0  _printf_hex_int_ll_ptr.o(.text)
    .text                                    0x08000670   Section        0  _printf_hex_int_ll_ptr.o(.text)
    .text                                    0x08000704   Section        0  __printf_flags_ss_wp.o(.text)
    .text                                    0x0800088c   Section        0  strlen.o(.text)
    .text                                    0x080008ca   Section       78  rt_memclr_w.o(.text)
    .text                                    0x08000918   Section        0  heapauxi.o(.text)
    .text                                    0x0800091e   Section        0  _rserrno.o(.text)
    .text                                    0x08000934   Section        0  _printf_intcommon.o(.text)
    _printf_input_char                       0x080009e9   Thumb Code    10  _printf_char_common.o(.text)
    .text                                    0x080009e8   Section        0  _printf_char_common.o(.text)
    .text                                    0x08000a18   Section        0  _sputc.o(.text)
    .text                                    0x08000a22   Section        0  _printf_char.o(.text)
    .text                                    0x08000a4e   Section        0  _printf_wchar.o(.text)
    .text                                    0x08000a7a   Section        0  _c16rtomb.o(.text)
    .text                                    0x08000ac4   Section       16  rt_ctype_table.o(.text)
    .text                                    0x08000ad4   Section        8  rt_errno_addr_intlibspace.o(.text)
    .text                                    0x08000adc   Section        8  libspace.o(.text)
    .text                                    0x08000ae4   Section       74  sys_stackheap_outer.o(.text)
    .text                                    0x08000b30   Section        8  rt_locale_intlibspace.o(.text)
    .text                                    0x08000b38   Section        0  exit.o(.text)
    .text                                    0x08000b50   Section      124  strcmpv7em.o(.text)
    .text                                    0x08000bcc   Section        0  sys_exit.o(.text)
    .text                                    0x08000bd8   Section        2  use_no_semi.o(.text)
    .text                                    0x08000bda   Section        0  indicate_semi.o(.text)
    [Anonymous Symbol]                       0x08000bdc   Section        0  stm32f4xx_it.o(.text.BusFault_Handler)
    [Anonymous Symbol]                       0x08000be0   Section        0  stm32f4xx_it.o(.text.DMA1_Stream3_IRQHandler)
    [Anonymous Symbol]                       0x08000bec   Section        0  stm32f4xx_it.o(.text.DebugMon_Handler)
    [Anonymous Symbol]                       0x08000bf0   Section        0  main.o(.text.Error_Handler)
    [Anonymous Symbol]                       0x08000bfc   Section        0  stm32f4xx_hal_dma.o(.text.HAL_DMA_IRQHandler)
    [Anonymous Symbol]                       0x08000dbc   Section        0  stm32f4xx_hal_dma.o(.text.HAL_DMA_Init)
    [Anonymous Symbol]                       0x08000f20   Section        0  stm32f4xx_hal.o(.text.HAL_Delay)
    [Anonymous Symbol]                       0x08000f48   Section        0  stm32f4xx_hal_gpio.o(.text.HAL_GPIO_Init)
    [Anonymous Symbol]                       0x080010f0   Section        0  stm32f4xx_hal_gpio.o(.text.HAL_GPIO_WritePin)
    [Anonymous Symbol]                       0x080010fc   Section        0  stm32f4xx_hal.o(.text.HAL_GetTick)
    [Anonymous Symbol]                       0x08001108   Section        0  stm32f4xx_hal_i2c.o(.text.HAL_I2C_Init)
    [Anonymous Symbol]                       0x08001280   Section        0  stm32f4xx_hal_msp.o(.text.HAL_I2C_MspInit)
    [Anonymous Symbol]                       0x080012e8   Section        0  stm32f4xx_hal.o(.text.HAL_IncTick)
    [Anonymous Symbol]                       0x08001304   Section        0  stm32f4xx_hal.o(.text.HAL_Init)
    [Anonymous Symbol]                       0x0800133c   Section        0  stm32f4xx_hal.o(.text.HAL_InitTick)
    [Anonymous Symbol]                       0x08001384   Section        0  stm32f4xx_hal_msp.o(.text.HAL_MspInit)
    [Anonymous Symbol]                       0x080013bc   Section        0  stm32f4xx_hal_cortex.o(.text.HAL_NVIC_EnableIRQ)
    [Anonymous Symbol]                       0x080013e4   Section        0  stm32f4xx_hal_cortex.o(.text.HAL_NVIC_SetPriority)
    [Anonymous Symbol]                       0x0800143c   Section        0  stm32f4xx_hal_cortex.o(.text.HAL_NVIC_SetPriorityGrouping)
    [Anonymous Symbol]                       0x0800145c   Section        0  stm32f4xx_hal_pcd_ex.o(.text.HAL_PCDEx_ActivateLPM)
    [Anonymous Symbol]                       0x08001484   Section        0  stm32f4xx_hal_pcd.o(.text.HAL_PCD_Init)
    [Anonymous Symbol]                       0x080015cc   Section        0  stm32f4xx_hal_msp.o(.text.HAL_PCD_MspInit)
    [Anonymous Symbol]                       0x08001670   Section        0  stm32f4xx_hal_rcc_ex.o(.text.HAL_RCCEx_PeriphCLKConfig)
    [Anonymous Symbol]                       0x08001aa0   Section        0  stm32f4xx_hal_rcc.o(.text.HAL_RCC_ClockConfig)
    [Anonymous Symbol]                       0x08001c00   Section        0  stm32f4xx_hal_rcc.o(.text.HAL_RCC_GetPCLK1Freq)
    [Anonymous Symbol]                       0x08001c28   Section        0  stm32f4xx_hal_rcc.o(.text.HAL_RCC_GetPCLK2Freq)
    [Anonymous Symbol]                       0x08001c50   Section        0  stm32f4xx_hal_rcc_ex.o(.text.HAL_RCC_GetSysClockFreq)
    [Anonymous Symbol]                       0x08001cf8   Section        0  stm32f4xx_hal_rcc_ex.o(.text.HAL_RCC_OscConfig)
    [Anonymous Symbol]                       0x080020a0   Section        0  stm32f4xx_hal_spi.o(.text.HAL_SPI_Init)
    [Anonymous Symbol]                       0x08002154   Section        0  stm32f4xx_hal_msp.o(.text.HAL_SPI_MspInit)
    [Anonymous Symbol]                       0x080021c0   Section        0  stm32f4xx_hal_spi.o(.text.HAL_SPI_Receive)
    [Anonymous Symbol]                       0x080023b4   Section        0  stm32f4xx_hal_spi.o(.text.HAL_SPI_Transmit)
    [Anonymous Symbol]                       0x08002608   Section        0  stm32f4xx_hal_spi.o(.text.HAL_SPI_TransmitReceive)
    [Anonymous Symbol]                       0x08002920   Section        0  stm32f4xx_hal_cortex.o(.text.HAL_SYSTICK_Config)
    [Anonymous Symbol]                       0x0800294c   Section        0  stm32f4xx_hal_tim_ex.o(.text.HAL_TIMEx_BreakCallback)
    [Anonymous Symbol]                       0x08002950   Section        0  stm32f4xx_hal_tim_ex.o(.text.HAL_TIMEx_CommutCallback)
    [Anonymous Symbol]                       0x08002954   Section        0  stm32f4xx_hal_tim_ex.o(.text.HAL_TIMEx_ConfigBreakDeadTime)
    [Anonymous Symbol]                       0x080029a0   Section        0  stm32f4xx_hal_tim_ex.o(.text.HAL_TIMEx_MasterConfigSynchronization)
    [Anonymous Symbol]                       0x08002a58   Section        0  stm32f4xx_hal_tim.o(.text.HAL_TIM_Base_Init)
    [Anonymous Symbol]                       0x08002ab4   Section        0  stm32f4xx_hal_msp.o(.text.HAL_TIM_Base_MspInit)
    [Anonymous Symbol]                       0x08002b00   Section        0  stm32f4xx_hal_tim.o(.text.HAL_TIM_IC_CaptureCallback)
    [Anonymous Symbol]                       0x08002b04   Section        0  stm32f4xx_hal_tim.o(.text.HAL_TIM_IRQHandler)
    [Anonymous Symbol]                       0x08002c74   Section        0  stm32f4xx_hal_msp.o(.text.HAL_TIM_MspPostInit)
    [Anonymous Symbol]                       0x08002cc8   Section        0  stm32f4xx_hal_tim.o(.text.HAL_TIM_OC_DelayElapsedCallback)
    [Anonymous Symbol]                       0x08002ccc   Section        0  stm32f4xx_hal_tim.o(.text.HAL_TIM_PWM_ConfigChannel)
    [Anonymous Symbol]                       0x08002ef0   Section        0  stm32f4xx_hal_tim.o(.text.HAL_TIM_PWM_Init)
    [Anonymous Symbol]                       0x08002f4c   Section        0  stm32f4xx_hal_msp.o(.text.HAL_TIM_PWM_MspInit)
    [Anonymous Symbol]                       0x08002f84   Section        0  stm32f4xx_hal_tim.o(.text.HAL_TIM_PWM_PulseFinishedCallback)
    [Anonymous Symbol]                       0x08002f88   Section        0  stm32f4xx_hal_tim.o(.text.HAL_TIM_PeriodElapsedCallback)
    [Anonymous Symbol]                       0x08002f8c   Section        0  stm32f4xx_hal_tim.o(.text.HAL_TIM_TriggerCallback)
    [Anonymous Symbol]                       0x08002f90   Section        0  stm32f4xx_hal_uart.o(.text.HAL_UART_Init)
    [Anonymous Symbol]                       0x08002ff0   Section        0  stm32f4xx_hal_msp.o(.text.HAL_UART_MspInit)
    [Anonymous Symbol]                       0x080030a4   Section        0  stm32f4xx_hal_uart.o(.text.HAL_UART_Transmit)
    [Anonymous Symbol]                       0x0800332c   Section        0  stm32f4xx_it.o(.text.HardFault_Handler)
    [Anonymous Symbol]                       0x08003330   Section        0  stm32f4xx_it.o(.text.MemManage_Handler)
    [Anonymous Symbol]                       0x08003334   Section        0  stm32f4xx_it.o(.text.NMI_Handler)
    [Anonymous Symbol]                       0x08003338   Section        0  stm32f4xx_it.o(.text.PendSV_Handler)
    SPI_WaitFlagStateUntilTimeout            0x0800333d   Thumb Code   228  stm32f4xx_hal_spi.o(.text.SPI_WaitFlagStateUntilTimeout)
    [Anonymous Symbol]                       0x0800333c   Section        0  stm32f4xx_hal_spi.o(.text.SPI_WaitFlagStateUntilTimeout)
    [Anonymous Symbol]                       0x08003420   Section        0  stm32f4xx_it.o(.text.SVC_Handler)
    [Anonymous Symbol]                       0x08003424   Section        0  stm32f4xx_it.o(.text.SysTick_Handler)
    [Anonymous Symbol]                       0x08003428   Section        0  main.o(.text.SystemClock_Config)
    [Anonymous Symbol]                       0x080034dc   Section        0  system_stm32f4xx.o(.text.SystemInit)
    [Anonymous Symbol]                       0x080034f0   Section        0  stm32f4xx_it.o(.text.TIM6_DAC_IRQHandler)
    [Anonymous Symbol]                       0x080034fc   Section        0  stm32f4xx_hal_tim.o(.text.TIM_Base_SetConfig)
    UART_SetConfig                           0x08003639   Thumb Code   238  stm32f4xx_hal_uart.o(.text.UART_SetConfig)
    [Anonymous Symbol]                       0x08003638   Section        0  stm32f4xx_hal_uart.o(.text.UART_SetConfig)
    [Anonymous Symbol]                       0x08003728   Section        0  stm32f4xx_ll_usb.o(.text.USB_CoreInit)
    [Anonymous Symbol]                       0x08003908   Section        0  stm32f4xx_ll_usb.o(.text.USB_DevDisconnect)
    [Anonymous Symbol]                       0x08003928   Section        0  stm32f4xx_ll_usb.o(.text.USB_DevInit)
    [Anonymous Symbol]                       0x08003db4   Section        0  stm32f4xx_ll_usb.o(.text.USB_DisableGlobalInt)
    [Anonymous Symbol]                       0x08003dc4   Section        0  stm32f4xx_ll_usb.o(.text.USB_SetCurrentMode)
    [Anonymous Symbol]                       0x08003e28   Section        0  stm32f4xx_it.o(.text.UsageFault_Handler)
    [Anonymous Symbol]                       0x08003e2c   Section        0  main.o(.text.main)
    [Anonymous Symbol]                       0x080046ec   Section        0  main.o(.text.print_msg)
    [Anonymous Symbol]                       0x08004710   Section        0  spi.o(.text.spi_read)
    [Anonymous Symbol]                       0x080047d0   Section        0  spi.o(.text.spi_read_new)
    [Anonymous Symbol]                       0x08004894   Section        0  spi.o(.text.spi_write)
    [Anonymous Symbol]                       0x0800492c   Section        0  main.o(.text.testing_read)
    i.__hardfp_sqrt                          0x080049dc   Section        0  sqrt.o(i.__hardfp_sqrt)
    i._is_digit                              0x08004a56   Section        0  __printf_wp.o(i._is_digit)
    locale$$code                             0x08004a64   Section       44  lc_ctype_c.o(locale$$code)
    $v0                                      0x08004a90   Number         0  dfix.o(x$fpl$dfix)
    x$fpl$dfix                               0x08004a90   Section       94  dfix.o(x$fpl$dfix)
    $v0                                      0x08004aee   Number         0  dflt_clz.o(x$fpl$dflt)
    x$fpl$dflt                               0x08004aee   Section       46  dflt_clz.o(x$fpl$dflt)
    $v0                                      0x08004b1c   Number         0  dnaninf.o(x$fpl$dnaninf)
    x$fpl$dnaninf                            0x08004b1c   Section      156  dnaninf.o(x$fpl$dnaninf)
    $v0                                      0x08004bb8   Number         0  dsqrt_umaal.o(x$fpl$dsqrt)
    x$fpl$dsqrt                              0x08004bb8   Section      408  dsqrt_umaal.o(x$fpl$dsqrt)
    $v0                                      0x08004d50   Number         0  fpinit.o(x$fpl$fpinit)
    x$fpl$fpinit                             0x08004d50   Section       26  fpinit.o(x$fpl$fpinit)
    x$fpl$usenofp                            0x08004d6a   Section        0  usenofp.o(x$fpl$usenofp)
    initial_mbstate                          0x08004d6c   Data           8  _printf_wctomb.o(.constdata)
    .constdata                               0x08004d6c   Section        8  _printf_wctomb.o(.constdata)
    uc_hextab                                0x08004d74   Data          20  _printf_hex_int_ll_ptr.o(.constdata)
    .constdata                               0x08004d74   Section       40  _printf_hex_int_ll_ptr.o(.constdata)
    lc_hextab                                0x08004d88   Data          20  _printf_hex_int_ll_ptr.o(.constdata)
    maptable                                 0x08004d9c   Data          17  __printf_flags_ss_wp.o(.constdata)
    .constdata                               0x08004d9c   Section       17  __printf_flags_ss_wp.o(.constdata)
    DMA_CalcBaseAndBitshift.flagBitshiftOffset 0x08004dc5   Data           8  stm32f4xx_hal_dma.o(.rodata.cst8)
    [Anonymous Symbol]                       0x08004dc5   Section        0  stm32f4xx_hal_dma.o(.rodata.cst8)
    .L.str.1                                 0x08004dcd   Data          10  spi.o(.rodata.str1.1)
    [Anonymous Symbol]                       0x08004dcd   Section        0  spi.o(.rodata.str1.1)
    .L.str                                   0x08004dd7   Data          10  spi.o(.rodata.str1.1)
    .L.str.8                                 0x08004de1   Data          14  main.o(.rodata.str1.1)
    [Anonymous Symbol]                       0x08004de1   Section        0  main.o(.rodata.str1.1)
    locale$$data                             0x08004e10   Section      272  lc_ctype_c.o(locale$$data)
    __lcctype_c_name                         0x08004e14   Data           2  lc_ctype_c.o(locale$$data)
    __lcctype_c_start                        0x08004e1c   Data           0  lc_ctype_c.o(locale$$data)
    __lcctype_c_end                          0x08004f20   Data           0  lc_ctype_c.o(locale$$data)
    .L_MergedGlobals                         0x20000000   Data           8  stm32f4xx_hal.o(.data..L_MergedGlobals)
    [Anonymous Symbol]                       0x20000000   Section        0  stm32f4xx_hal.o(.data..L_MergedGlobals)
    .bss                                     0x20000010   Section       96  libspace.o(.bss)
    .L_MergedGlobals                         0x20000070   Data          88  main.o(.bss..L_MergedGlobals)
    [Anonymous Symbol]                       0x20000070   Section        0  main.o(.bss..L_MergedGlobals)
    Heap_Mem                                 0x200009f8   Data         512  startup_stm32f446xx.o(HEAP)
    HEAP                                     0x200009f8   Section      512  startup_stm32f446xx.o(HEAP)
    Stack_Mem                                0x20000bf8   Data        1024  startup_stm32f446xx.o(STACK)
    STACK                                    0x20000bf8   Section     1024  startup_stm32f446xx.o(STACK)
    __initial_sp                             0x20000ff8   Data           0  startup_stm32f446xx.o(STACK)

    Global Symbols

    Symbol Name                              Value     Ov Type        Size  Object(Section)

    BuildAttributes$$THM_ISAv4$E$P$D$K$B$S$7EM$VFPi3$EXTD16$VFPS$VFMA$PE$A:L22UL41UL21$X:L11$S22US41US21$IEEE1$IW$~IW$USESV6$~STKCKD$USESV7$~SHL$OTIME$ROPI$IEEEJ$EBA8$UX$STANDARDLIB$REQ8$PRES8$EABIv2 0x00000000   Number         0  anon$$obj.o ABSOLUTE
    _printf_flags                            0x00000000   Number         0  printf_stubs.o ABSOLUTE
    _printf_return_value                     0x00000000   Number         0  printf_stubs.o ABSOLUTE
    _printf_sizespec                         0x00000000   Number         0  printf_stubs.o ABSOLUTE
    _printf_widthprec                        0x00000000   Number         0  printf_stubs.o ABSOLUTE
    __ARM_exceptions_init                     - Undefined Weak Reference
    __alloca_initialize                       - Undefined Weak Reference
    __arm_preinit_                            - Undefined Weak Reference
    __arm_relocate_pie_                       - Undefined Weak Reference
    __cpp_initialize__aeabi_                  - Undefined Weak Reference
    __cxa_finalize                            - Undefined Weak Reference
    __sigvec_lookup                           - Undefined Weak Reference
    _atexit_init                              - Undefined Weak Reference
    _call_atexit_fns                          - Undefined Weak Reference
    _clock_init                               - Undefined Weak Reference
    _fp_trap_init                             - Undefined Weak Reference
    _fp_trap_shutdown                         - Undefined Weak Reference
    _get_lc_collate                           - Undefined Weak Reference
    _get_lc_monetary                          - Undefined Weak Reference
    _get_lc_time                              - Undefined Weak Reference
    _getenv_init                              - Undefined Weak Reference
    _handle_redirection                       - Undefined Weak Reference
    _init_alloc                               - Undefined Weak Reference
    _init_user_alloc                          - Undefined Weak Reference
    _initio                                   - Undefined Weak Reference
    _printf_mbtowc                            - Undefined Weak Reference
    _printf_wc                                - Undefined Weak Reference
    _rand_init                                - Undefined Weak Reference
    _signal_finish                            - Undefined Weak Reference
    _signal_init                              - Undefined Weak Reference
    _terminate_alloc                          - Undefined Weak Reference
    _terminate_user_alloc                     - Undefined Weak Reference
    _terminateio                              - Undefined Weak Reference
    __Vectors_Size                           0x000001c4   Number         0  startup_stm32f446xx.o ABSOLUTE
    __Vectors                                0x08000000   Data           4  startup_stm32f446xx.o(RESET)
    __Vectors_End                            0x080001c4   Data           0  startup_stm32f446xx.o(RESET)
    __main                                   0x080001c5   Thumb Code     8  __main.o(!!!main)
    __scatterload                            0x080001cd   Thumb Code     0  __scatter.o(!!!scatter)
    __scatterload_rt2                        0x080001cd   Thumb Code    44  __scatter.o(!!!scatter)
    __scatterload_rt2_thumb_only             0x080001cd   Thumb Code     0  __scatter.o(!!!scatter)
    __scatterload_null                       0x080001db   Thumb Code     0  __scatter.o(!!!scatter)
    __scatterload_copy                       0x08000201   Thumb Code    26  __scatter_copy.o(!!handler_copy)
    __scatterload_zeroinit                   0x0800021d   Thumb Code    28  __scatter_zi.o(!!handler_zi)
    _printf_i                                0x08000239   Thumb Code     0  _printf_i.o(.ARM.Collect$$_printf_percent$$00000008)
    _printf_percent                          0x08000239   Thumb Code     0  _printf_percent.o(.ARM.Collect$$_printf_percent$$00000000)
    _printf_d                                0x0800023f   Thumb Code     0  _printf_d.o(.ARM.Collect$$_printf_percent$$00000009)
    _printf_u                                0x08000245   Thumb Code     0  _printf_u.o(.ARM.Collect$$_printf_percent$$0000000A)
    _printf_o                                0x0800024b   Thumb Code     0  _printf_o.o(.ARM.Collect$$_printf_percent$$0000000B)
    _printf_x                                0x08000251   Thumb Code     0  _printf_x.o(.ARM.Collect$$_printf_percent$$0000000C)
    _printf_l                                0x08000257   Thumb Code     0  _printf_l.o(.ARM.Collect$$_printf_percent$$00000012)
    _printf_c                                0x08000261   Thumb Code     0  _printf_c.o(.ARM.Collect$$_printf_percent$$00000013)
    _printf_lc                               0x08000267   Thumb Code     0  _printf_lc.o(.ARM.Collect$$_printf_percent$$00000015)
    _printf_percent_end                      0x0800026d   Thumb Code     0  _printf_percent_end.o(.ARM.Collect$$_printf_percent$$00000017)
    __rt_lib_init                            0x08000271   Thumb Code     0  libinit.o(.ARM.Collect$$libinit$$00000000)
    __rt_lib_init_fp_1                       0x08000273   Thumb Code     0  libinit2.o(.ARM.Collect$$libinit$$00000001)
    __rt_lib_init_heap_1                     0x08000277   Thumb Code     0  libinit2.o(.ARM.Collect$$libinit$$0000000C)
    __rt_lib_init_lc_common                  0x08000277   Thumb Code     0  libinit2.o(.ARM.Collect$$libinit$$00000011)
    __rt_lib_init_preinit_1                  0x08000277   Thumb Code     0  libinit2.o(.ARM.Collect$$libinit$$00000006)
    __rt_lib_init_rand_1                     0x08000277   Thumb Code     0  libinit2.o(.ARM.Collect$$libinit$$00000010)
    __rt_lib_init_relocate_pie_1             0x08000277   Thumb Code     0  libinit2.o(.ARM.Collect$$libinit$$00000004)
    __rt_lib_init_user_alloc_1               0x08000277   Thumb Code     0  libinit2.o(.ARM.Collect$$libinit$$0000000E)
    __rt_lib_init_lc_collate_1               0x0800027d   Thumb Code     0  libinit2.o(.ARM.Collect$$libinit$$00000013)
    __rt_lib_init_lc_ctype_2                 0x0800027d   Thumb Code     0  libinit2.o(.ARM.Collect$$libinit$$00000014)
    __rt_lib_init_alloca_1                   0x08000289   Thumb Code     0  libinit2.o(.ARM.Collect$$libinit$$00000030)
    __rt_lib_init_argv_1                     0x08000289   Thumb Code     0  libinit2.o(.ARM.Collect$$libinit$$0000002E)
    __rt_lib_init_atexit_1                   0x08000289   Thumb Code     0  libinit2.o(.ARM.Collect$$libinit$$0000001D)
    __rt_lib_init_clock_1                    0x08000289   Thumb Code     0  libinit2.o(.ARM.Collect$$libinit$$00000023)
    __rt_lib_init_cpp_1                      0x08000289   Thumb Code     0  libinit2.o(.ARM.Collect$$libinit$$00000034)
    __rt_lib_init_exceptions_1               0x08000289   Thumb Code     0  libinit2.o(.ARM.Collect$$libinit$$00000032)
    __rt_lib_init_fp_trap_1                  0x08000289   Thumb Code     0  libinit2.o(.ARM.Collect$$libinit$$00000021)
    __rt_lib_init_getenv_1                   0x08000289   Thumb Code     0  libinit2.o(.ARM.Collect$$libinit$$00000025)
    __rt_lib_init_lc_ctype_1                 0x08000289   Thumb Code     0  libinit2.o(.ARM.Collect$$libinit$$00000015)
    __rt_lib_init_lc_monetary_1              0x08000289   Thumb Code     0  libinit2.o(.ARM.Collect$$libinit$$00000017)
    __rt_lib_init_lc_numeric_1               0x08000289   Thumb Code     0  libinit2.o(.ARM.Collect$$libinit$$00000019)
    __rt_lib_init_lc_time_1                  0x08000289   Thumb Code     0  libinit2.o(.ARM.Collect$$libinit$$0000001B)
    __rt_lib_init_return                     0x08000289   Thumb Code     0  libinit2.o(.ARM.Collect$$libinit$$00000035)
    __rt_lib_init_signal_1                   0x08000289   Thumb Code     0  libinit2.o(.ARM.Collect$$libinit$$0000001F)
    __rt_lib_init_stdio_1                    0x08000289   Thumb Code     0  libinit2.o(.ARM.Collect$$libinit$$00000027)
    __rt_lib_shutdown                        0x0800028b   Thumb Code     0  libshutdown.o(.ARM.Collect$$libshutdown$$00000000)
    __rt_lib_shutdown_cpp_1                  0x0800028d   Thumb Code     0  libshutdown2.o(.ARM.Collect$$libshutdown$$00000002)
    __rt_lib_shutdown_fp_trap_1              0x0800028d   Thumb Code     0  libshutdown2.o(.ARM.Collect$$libshutdown$$00000007)
    __rt_lib_shutdown_heap_1                 0x0800028d   Thumb Code     0  libshutdown2.o(.ARM.Collect$$libshutdown$$0000000F)
    __rt_lib_shutdown_return                 0x0800028d   Thumb Code     0  libshutdown2.o(.ARM.Collect$$libshutdown$$00000010)
    __rt_lib_shutdown_signal_1               0x0800028d   Thumb Code     0  libshutdown2.o(.ARM.Collect$$libshutdown$$0000000A)
    __rt_lib_shutdown_stdio_1                0x0800028d   Thumb Code     0  libshutdown2.o(.ARM.Collect$$libshutdown$$00000004)
    __rt_lib_shutdown_user_alloc_1           0x0800028d   Thumb Code     0  libshutdown2.o(.ARM.Collect$$libshutdown$$0000000C)
    __rt_entry                               0x0800028f   Thumb Code     0  __rtentry.o(.ARM.Collect$$rtentry$$00000000)
    __rt_entry_presh_1                       0x0800028f   Thumb Code     0  __rtentry2.o(.ARM.Collect$$rtentry$$00000002)
    __rt_entry_sh                            0x0800028f   Thumb Code     0  __rtentry4.o(.ARM.Collect$$rtentry$$00000004)
    __rt_entry_li                            0x08000295   Thumb Code     0  __rtentry2.o(.ARM.Collect$$rtentry$$0000000A)
    __rt_entry_postsh_1                      0x08000295   Thumb Code     0  __rtentry2.o(.ARM.Collect$$rtentry$$00000009)
    __rt_entry_main                          0x08000299   Thumb Code     0  __rtentry2.o(.ARM.Collect$$rtentry$$0000000D)
    __rt_entry_postli_1                      0x08000299   Thumb Code     0  __rtentry2.o(.ARM.Collect$$rtentry$$0000000C)
    __rt_exit                                0x080002a1   Thumb Code     0  rtexit.o(.ARM.Collect$$rtexit$$00000000)
    __rt_exit_ls                             0x080002a3   Thumb Code     0  rtexit2.o(.ARM.Collect$$rtexit$$00000003)
    __rt_exit_prels_1                        0x080002a3   Thumb Code     0  rtexit2.o(.ARM.Collect$$rtexit$$00000002)
    __rt_exit_exit                           0x080002a7   Thumb Code     0  rtexit2.o(.ARM.Collect$$rtexit$$00000004)
    Reset_Handler                            0x080002ad   Thumb Code     8  startup_stm32f446xx.o(.text)
    ADC_IRQHandler                           0x080002c7   Thumb Code     0  startup_stm32f446xx.o(.text)
    CAN1_RX0_IRQHandler                      0x080002c7   Thumb Code     0  startup_stm32f446xx.o(.text)
    CAN1_RX1_IRQHandler                      0x080002c7   Thumb Code     0  startup_stm32f446xx.o(.text)
    CAN1_SCE_IRQHandler                      0x080002c7   Thumb Code     0  startup_stm32f446xx.o(.text)
    CAN1_TX_IRQHandler                       0x080002c7   Thumb Code     0  startup_stm32f446xx.o(.text)
    CAN2_RX0_IRQHandler                      0x080002c7   Thumb Code     0  startup_stm32f446xx.o(.text)
    CAN2_RX1_IRQHandler                      0x080002c7   Thumb Code     0  startup_stm32f446xx.o(.text)
    CAN2_SCE_IRQHandler                      0x080002c7   Thumb Code     0  startup_stm32f446xx.o(.text)
    CAN2_TX_IRQHandler                       0x080002c7   Thumb Code     0  startup_stm32f446xx.o(.text)
    CEC_IRQHandler                           0x080002c7   Thumb Code     0  startup_stm32f446xx.o(.text)
    DCMI_IRQHandler                          0x080002c7   Thumb Code     0  startup_stm32f446xx.o(.text)
    DMA1_Stream0_IRQHandler                  0x080002c7   Thumb Code     0  startup_stm32f446xx.o(.text)
    DMA1_Stream1_IRQHandler                  0x080002c7   Thumb Code     0  startup_stm32f446xx.o(.text)
    DMA1_Stream2_IRQHandler                  0x080002c7   Thumb Code     0  startup_stm32f446xx.o(.text)
    DMA1_Stream4_IRQHandler                  0x080002c7   Thumb Code     0  startup_stm32f446xx.o(.text)
    DMA1_Stream5_IRQHandler                  0x080002c7   Thumb Code     0  startup_stm32f446xx.o(.text)
    DMA1_Stream6_IRQHandler                  0x080002c7   Thumb Code     0  startup_stm32f446xx.o(.text)
    DMA1_Stream7_IRQHandler                  0x080002c7   Thumb Code     0  startup_stm32f446xx.o(.text)
    DMA2_Stream0_IRQHandler                  0x080002c7   Thumb Code     0  startup_stm32f446xx.o(.text)
    DMA2_Stream1_IRQHandler                  0x080002c7   Thumb Code     0  startup_stm32f446xx.o(.text)
    DMA2_Stream2_IRQHandler                  0x080002c7   Thumb Code     0  startup_stm32f446xx.o(.text)
    DMA2_Stream3_IRQHandler                  0x080002c7   Thumb Code     0  startup_stm32f446xx.o(.text)
    DMA2_Stream4_IRQHandler                  0x080002c7   Thumb Code     0  startup_stm32f446xx.o(.text)
    DMA2_Stream5_IRQHandler                  0x080002c7   Thumb Code     0  startup_stm32f446xx.o(.text)
    DMA2_Stream6_IRQHandler                  0x080002c7   Thumb Code     0  startup_stm32f446xx.o(.text)
    DMA2_Stream7_IRQHandler                  0x080002c7   Thumb Code     0  startup_stm32f446xx.o(.text)
    EXTI0_IRQHandler                         0x080002c7   Thumb Code     0  startup_stm32f446xx.o(.text)
    EXTI15_10_IRQHandler                     0x080002c7   Thumb Code     0  startup_stm32f446xx.o(.text)
    EXTI1_IRQHandler                         0x080002c7   Thumb Code     0  startup_stm32f446xx.o(.text)
    EXTI2_IRQHandler                         0x080002c7   Thumb Code     0  startup_stm32f446xx.o(.text)
    EXTI3_IRQHandler                         0x080002c7   Thumb Code     0  startup_stm32f446xx.o(.text)
    EXTI4_IRQHandler                         0x080002c7   Thumb Code     0  startup_stm32f446xx.o(.text)
    EXTI9_5_IRQHandler                       0x080002c7   Thumb Code     0  startup_stm32f446xx.o(.text)
    FLASH_IRQHandler                         0x080002c7   Thumb Code     0  startup_stm32f446xx.o(.text)
    FMC_IRQHandler                           0x080002c7   Thumb Code     0  startup_stm32f446xx.o(.text)
    FMPI2C1_ER_IRQHandler                    0x080002c7   Thumb Code     0  startup_stm32f446xx.o(.text)
    FMPI2C1_EV_IRQHandler                    0x080002c7   Thumb Code     0  startup_stm32f446xx.o(.text)
    FPU_IRQHandler                           0x080002c7   Thumb Code     0  startup_stm32f446xx.o(.text)
    I2C1_ER_IRQHandler                       0x080002c7   Thumb Code     0  startup_stm32f446xx.o(.text)
    I2C1_EV_IRQHandler                       0x080002c7   Thumb Code     0  startup_stm32f446xx.o(.text)
    I2C2_ER_IRQHandler                       0x080002c7   Thumb Code     0  startup_stm32f446xx.o(.text)
    I2C2_EV_IRQHandler                       0x080002c7   Thumb Code     0  startup_stm32f446xx.o(.text)
    I2C3_ER_IRQHandler                       0x080002c7   Thumb Code     0  startup_stm32f446xx.o(.text)
    I2C3_EV_IRQHandler                       0x080002c7   Thumb Code     0  startup_stm32f446xx.o(.text)
    OTG_FS_IRQHandler                        0x080002c7   Thumb Code     0  startup_stm32f446xx.o(.text)
    OTG_FS_WKUP_IRQHandler                   0x080002c7   Thumb Code     0  startup_stm32f446xx.o(.text)
    OTG_HS_EP1_IN_IRQHandler                 0x080002c7   Thumb Code     0  startup_stm32f446xx.o(.text)
    OTG_HS_EP1_OUT_IRQHandler                0x080002c7   Thumb Code     0  startup_stm32f446xx.o(.text)
    OTG_HS_IRQHandler                        0x080002c7   Thumb Code     0  startup_stm32f446xx.o(.text)
    OTG_HS_WKUP_IRQHandler                   0x080002c7   Thumb Code     0  startup_stm32f446xx.o(.text)
    PVD_IRQHandler                           0x080002c7   Thumb Code     0  startup_stm32f446xx.o(.text)
    QUADSPI_IRQHandler                       0x080002c7   Thumb Code     0  startup_stm32f446xx.o(.text)
    RCC_IRQHandler                           0x080002c7   Thumb Code     0  startup_stm32f446xx.o(.text)
    RTC_Alarm_IRQHandler                     0x080002c7   Thumb Code     0  startup_stm32f446xx.o(.text)
    RTC_WKUP_IRQHandler                      0x080002c7   Thumb Code     0  startup_stm32f446xx.o(.text)
    SAI1_IRQHandler                          0x080002c7   Thumb Code     0  startup_stm32f446xx.o(.text)
    SAI2_IRQHandler                          0x080002c7   Thumb Code     0  startup_stm32f446xx.o(.text)
    SDIO_IRQHandler                          0x080002c7   Thumb Code     0  startup_stm32f446xx.o(.text)
    SPDIF_RX_IRQHandler                      0x080002c7   Thumb Code     0  startup_stm32f446xx.o(.text)
    SPI1_IRQHandler                          0x080002c7   Thumb Code     0  startup_stm32f446xx.o(.text)
    SPI2_IRQHandler                          0x080002c7   Thumb Code     0  startup_stm32f446xx.o(.text)
    SPI3_IRQHandler                          0x080002c7   Thumb Code     0  startup_stm32f446xx.o(.text)
    SPI4_IRQHandler                          0x080002c7   Thumb Code     0  startup_stm32f446xx.o(.text)
    TAMP_STAMP_IRQHandler                    0x080002c7   Thumb Code     0  startup_stm32f446xx.o(.text)
    TIM1_BRK_TIM9_IRQHandler                 0x080002c7   Thumb Code     0  startup_stm32f446xx.o(.text)
    TIM1_CC_IRQHandler                       0x080002c7   Thumb Code     0  startup_stm32f446xx.o(.text)
    TIM1_TRG_COM_TIM11_IRQHandler            0x080002c7   Thumb Code     0  startup_stm32f446xx.o(.text)
    TIM1_UP_TIM10_IRQHandler                 0x080002c7   Thumb Code     0  startup_stm32f446xx.o(.text)
    TIM2_IRQHandler                          0x080002c7   Thumb Code     0  startup_stm32f446xx.o(.text)
    TIM3_IRQHandler                          0x080002c7   Thumb Code     0  startup_stm32f446xx.o(.text)
    TIM4_IRQHandler                          0x080002c7   Thumb Code     0  startup_stm32f446xx.o(.text)
    TIM5_IRQHandler                          0x080002c7   Thumb Code     0  startup_stm32f446xx.o(.text)
    TIM7_IRQHandler                          0x080002c7   Thumb Code     0  startup_stm32f446xx.o(.text)
    TIM8_BRK_TIM12_IRQHandler                0x080002c7   Thumb Code     0  startup_stm32f446xx.o(.text)
    TIM8_CC_IRQHandler                       0x080002c7   Thumb Code     0  startup_stm32f446xx.o(.text)
    TIM8_TRG_COM_TIM14_IRQHandler            0x080002c7   Thumb Code     0  startup_stm32f446xx.o(.text)
    TIM8_UP_TIM13_IRQHandler                 0x080002c7   Thumb Code     0  startup_stm32f446xx.o(.text)
    UART4_IRQHandler                         0x080002c7   Thumb Code     0  startup_stm32f446xx.o(.text)
    UART5_IRQHandler                         0x080002c7   Thumb Code     0  startup_stm32f446xx.o(.text)
    USART1_IRQHandler                        0x080002c7   Thumb Code     0  startup_stm32f446xx.o(.text)
    USART2_IRQHandler                        0x080002c7   Thumb Code     0  startup_stm32f446xx.o(.text)
    USART3_IRQHandler                        0x080002c7   Thumb Code     0  startup_stm32f446xx.o(.text)
    USART6_IRQHandler                        0x080002c7   Thumb Code     0  startup_stm32f446xx.o(.text)
    WWDG_IRQHandler                          0x080002c7   Thumb Code     0  startup_stm32f446xx.o(.text)
    __user_initial_stackheap                 0x080002c9   Thumb Code     0  startup_stm32f446xx.o(.text)
    __aeabi_uldivmod                         0x080002ed   Thumb Code     0  lludivv7m.o(.text)
    _ll_udiv                                 0x080002ed   Thumb Code   240  lludivv7m.o(.text)
    __2sprintf                               0x080003dd   Thumb Code    38  __2sprintf.o(.text)
    _printf_pre_padding                      0x08000409   Thumb Code    44  _printf_pad.o(.text)
    _printf_post_padding                     0x08000435   Thumb Code    34  _printf_pad.o(.text)
    _printf_truncate_signed                  0x08000457   Thumb Code    18  _printf_truncate.o(.text)
    _printf_truncate_unsigned                0x08000469   Thumb Code    18  _printf_truncate.o(.text)
    _printf_str                              0x0800047b   Thumb Code    82  _printf_str.o(.text)
    _printf_int_dec                          0x080004cd   Thumb Code   104  _printf_dec.o(.text)
    _printf_wctomb                           0x08000545   Thumb Code   182  _printf_wctomb.o(.text)
    _printf_longlong_oct                     0x08000601   Thumb Code    68  _printf_oct_int_ll.o(.text)
    _printf_int_oct                          0x08000645   Thumb Code    24  _printf_oct_int_ll.o(.text)
    _printf_ll_oct                           0x0800065d   Thumb Code    12  _printf_oct_int_ll.o(.text)
    _printf_longlong_hex                     0x08000671   Thumb Code    86  _printf_hex_int_ll_ptr.o(.text)
    _printf_int_hex                          0x080006c7   Thumb Code    28  _printf_hex_int_ll_ptr.o(.text)
    _printf_ll_hex                           0x080006e3   Thumb Code    12  _printf_hex_int_ll_ptr.o(.text)
    _printf_hex_ptr                          0x080006ef   Thumb Code    18  _printf_hex_int_ll_ptr.o(.text)
    __printf                                 0x08000705   Thumb Code   388  __printf_flags_ss_wp.o(.text)
    strlen                                   0x0800088d   Thumb Code    62  strlen.o(.text)
    __aeabi_memclr4                          0x080008cb   Thumb Code     0  rt_memclr_w.o(.text)
    __aeabi_memclr8                          0x080008cb   Thumb Code     0  rt_memclr_w.o(.text)
    __rt_memclr_w                            0x080008cb   Thumb Code     0  rt_memclr_w.o(.text)
    _memset_w                                0x080008cf   Thumb Code    74  rt_memclr_w.o(.text)
    __use_two_region_memory                  0x08000919   Thumb Code     2  heapauxi.o(.text)
    __rt_heap_escrow$2region                 0x0800091b   Thumb Code     2  heapauxi.o(.text)
    __rt_heap_expand$2region                 0x0800091d   Thumb Code     2  heapauxi.o(.text)
    __read_errno                             0x0800091f   Thumb Code    10  _rserrno.o(.text)
    __set_errno                              0x08000929   Thumb Code    12  _rserrno.o(.text)
    _printf_int_common                       0x08000935   Thumb Code   178  _printf_intcommon.o(.text)
    _printf_char_common                      0x080009f3   Thumb Code    32  _printf_char_common.o(.text)
    _sputc                                   0x08000a19   Thumb Code    10  _sputc.o(.text)
    _printf_cs_common                        0x08000a23   Thumb Code    20  _printf_char.o(.text)
    _printf_char                             0x08000a37   Thumb Code    16  _printf_char.o(.text)
    _printf_string                           0x08000a47   Thumb Code     8  _printf_char.o(.text)
    _printf_lcs_common                       0x08000a4f   Thumb Code    20  _printf_wchar.o(.text)
    _printf_wchar                            0x08000a63   Thumb Code    16  _printf_wchar.o(.text)
    _printf_wstring                          0x08000a73   Thumb Code     8  _printf_wchar.o(.text)
    _c16rtomb                                0x08000a7b   Thumb Code    72  _c16rtomb.o(.text)
    _wcrtomb                                 0x08000a7b   Thumb Code     0  _c16rtomb.o(.text)
    __rt_ctype_table                         0x08000ac5   Thumb Code    16  rt_ctype_table.o(.text)
    __aeabi_errno_addr                       0x08000ad5   Thumb Code     8  rt_errno_addr_intlibspace.o(.text)
    __errno$intlibspace                      0x08000ad5   Thumb Code     0  rt_errno_addr_intlibspace.o(.text)
    __rt_errno_addr$intlibspace              0x08000ad5   Thumb Code     0  rt_errno_addr_intlibspace.o(.text)
    __user_libspace                          0x08000add   Thumb Code     8  libspace.o(.text)
    __user_perproc_libspace                  0x08000add   Thumb Code     0  libspace.o(.text)
    __user_perthread_libspace                0x08000add   Thumb Code     0  libspace.o(.text)
    __user_setup_stackheap                   0x08000ae5   Thumb Code    74  sys_stackheap_outer.o(.text)
    __rt_locale                              0x08000b31   Thumb Code     8  rt_locale_intlibspace.o(.text)
    exit                                     0x08000b39   Thumb Code    18  exit.o(.text)
    strcmp                                   0x08000b51   Thumb Code   124  strcmpv7em.o(.text)
    _sys_exit                                0x08000bcd   Thumb Code     8  sys_exit.o(.text)
    __I$use$semihosting                      0x08000bd9   Thumb Code     0  use_no_semi.o(.text)
    __use_no_semihosting_swi                 0x08000bd9   Thumb Code     2  use_no_semi.o(.text)
    __semihosting_library_function           0x08000bdb   Thumb Code     0  indicate_semi.o(.text)
    BusFault_Handler                         0x08000bdd   Thumb Code     2  stm32f4xx_it.o(.text.BusFault_Handler)
    DMA1_Stream3_IRQHandler                  0x08000be1   Thumb Code    12  stm32f4xx_it.o(.text.DMA1_Stream3_IRQHandler)
    DebugMon_Handler                         0x08000bed   Thumb Code     2  stm32f4xx_it.o(.text.DebugMon_Handler)
    Error_Handler                            0x08000bf1   Thumb Code    10  main.o(.text.Error_Handler)
    HAL_DMA_IRQHandler                       0x08000bfd   Thumb Code   448  stm32f4xx_hal_dma.o(.text.HAL_DMA_IRQHandler)
    HAL_DMA_Init                             0x08000dbd   Thumb Code   354  stm32f4xx_hal_dma.o(.text.HAL_DMA_Init)
    HAL_Delay                                0x08000f21   Thumb Code    40  stm32f4xx_hal.o(.text.HAL_Delay)
    HAL_GPIO_Init                            0x08000f49   Thumb Code   422  stm32f4xx_hal_gpio.o(.text.HAL_GPIO_Init)
    HAL_GPIO_WritePin                        0x080010f1   Thumb Code    10  stm32f4xx_hal_gpio.o(.text.HAL_GPIO_WritePin)
    HAL_GetTick                              0x080010fd   Thumb Code    12  stm32f4xx_hal.o(.text.HAL_GetTick)
    HAL_I2C_Init                             0x08001109   Thumb Code   374  stm32f4xx_hal_i2c.o(.text.HAL_I2C_Init)
    HAL_I2C_MspInit                          0x08001281   Thumb Code   104  stm32f4xx_hal_msp.o(.text.HAL_I2C_MspInit)
    HAL_IncTick                              0x080012e9   Thumb Code    26  stm32f4xx_hal.o(.text.HAL_IncTick)
    HAL_Init                                 0x08001305   Thumb Code    54  stm32f4xx_hal.o(.text.HAL_Init)
    HAL_InitTick                             0x0800133d   Thumb Code    72  stm32f4xx_hal.o(.text.HAL_InitTick)
    HAL_MspInit                              0x08001385   Thumb Code    56  stm32f4xx_hal_msp.o(.text.HAL_MspInit)
    HAL_NVIC_EnableIRQ                       0x080013bd   Thumb Code    38  stm32f4xx_hal_cortex.o(.text.HAL_NVIC_EnableIRQ)
    HAL_NVIC_SetPriority                     0x080013e5   Thumb Code    86  stm32f4xx_hal_cortex.o(.text.HAL_NVIC_SetPriority)
    HAL_NVIC_SetPriorityGrouping             0x0800143d   Thumb Code    32  stm32f4xx_hal_cortex.o(.text.HAL_NVIC_SetPriorityGrouping)
    HAL_PCDEx_ActivateLPM                    0x0800145d   Thumb Code    38  stm32f4xx_hal_pcd_ex.o(.text.HAL_PCDEx_ActivateLPM)
    HAL_PCD_Init                             0x08001485   Thumb Code   326  stm32f4xx_hal_pcd.o(.text.HAL_PCD_Init)
    HAL_PCD_MspInit                          0x080015cd   Thumb Code   164  stm32f4xx_hal_msp.o(.text.HAL_PCD_MspInit)
    HAL_RCCEx_PeriphCLKConfig                0x08001671   Thumb Code  1070  stm32f4xx_hal_rcc_ex.o(.text.HAL_RCCEx_PeriphCLKConfig)
    HAL_RCC_ClockConfig                      0x08001aa1   Thumb Code   352  stm32f4xx_hal_rcc.o(.text.HAL_RCC_ClockConfig)
    HAL_RCC_GetPCLK1Freq                     0x08001c01   Thumb Code    38  stm32f4xx_hal_rcc.o(.text.HAL_RCC_GetPCLK1Freq)
    HAL_RCC_GetPCLK2Freq                     0x08001c29   Thumb Code    38  stm32f4xx_hal_rcc.o(.text.HAL_RCC_GetPCLK2Freq)
    HAL_RCC_GetSysClockFreq                  0x08001c51   Thumb Code   166  stm32f4xx_hal_rcc_ex.o(.text.HAL_RCC_GetSysClockFreq)
    HAL_RCC_OscConfig                        0x08001cf9   Thumb Code   934  stm32f4xx_hal_rcc_ex.o(.text.HAL_RCC_OscConfig)
    HAL_SPI_Init                             0x080020a1   Thumb Code   180  stm32f4xx_hal_spi.o(.text.HAL_SPI_Init)
    HAL_SPI_MspInit                          0x08002155   Thumb Code   106  stm32f4xx_hal_msp.o(.text.HAL_SPI_MspInit)
    HAL_SPI_Receive                          0x080021c1   Thumb Code   498  stm32f4xx_hal_spi.o(.text.HAL_SPI_Receive)
    HAL_SPI_Transmit                         0x080023b5   Thumb Code   594  stm32f4xx_hal_spi.o(.text.HAL_SPI_Transmit)
    HAL_SPI_TransmitReceive                  0x08002609   Thumb Code   792  stm32f4xx_hal_spi.o(.text.HAL_SPI_TransmitReceive)
    HAL_SYSTICK_Config                       0x08002921   Thumb Code    44  stm32f4xx_hal_cortex.o(.text.HAL_SYSTICK_Config)
    HAL_TIMEx_BreakCallback                  0x0800294d   Thumb Code     2  stm32f4xx_hal_tim_ex.o(.text.HAL_TIMEx_BreakCallback)
    HAL_TIMEx_CommutCallback                 0x08002951   Thumb Code     2  stm32f4xx_hal_tim_ex.o(.text.HAL_TIMEx_CommutCallback)
    HAL_TIMEx_ConfigBreakDeadTime            0x08002955   Thumb Code    76  stm32f4xx_hal_tim_ex.o(.text.HAL_TIMEx_ConfigBreakDeadTime)
    HAL_TIMEx_MasterConfigSynchronization    0x080029a1   Thumb Code   182  stm32f4xx_hal_tim_ex.o(.text.HAL_TIMEx_MasterConfigSynchronization)
    HAL_TIM_Base_Init                        0x08002a59   Thumb Code    90  stm32f4xx_hal_tim.o(.text.HAL_TIM_Base_Init)
    HAL_TIM_Base_MspInit                     0x08002ab5   Thumb Code    74  stm32f4xx_hal_msp.o(.text.HAL_TIM_Base_MspInit)
    HAL_TIM_IC_CaptureCallback               0x08002b01   Thumb Code     2  stm32f4xx_hal_tim.o(.text.HAL_TIM_IC_CaptureCallback)
    HAL_TIM_IRQHandler                       0x08002b05   Thumb Code   368  stm32f4xx_hal_tim.o(.text.HAL_TIM_IRQHandler)
    HAL_TIM_MspPostInit                      0x08002c75   Thumb Code    82  stm32f4xx_hal_msp.o(.text.HAL_TIM_MspPostInit)
    HAL_TIM_OC_DelayElapsedCallback          0x08002cc9   Thumb Code     2  stm32f4xx_hal_tim.o(.text.HAL_TIM_OC_DelayElapsedCallback)
    HAL_TIM_PWM_ConfigChannel                0x08002ccd   Thumb Code   546  stm32f4xx_hal_tim.o(.text.HAL_TIM_PWM_ConfigChannel)
    HAL_TIM_PWM_Init                         0x08002ef1   Thumb Code    90  stm32f4xx_hal_tim.o(.text.HAL_TIM_PWM_Init)
    HAL_TIM_PWM_MspInit                      0x08002f4d   Thumb Code    54  stm32f4xx_hal_msp.o(.text.HAL_TIM_PWM_MspInit)
    HAL_TIM_PWM_PulseFinishedCallback        0x08002f85   Thumb Code     2  stm32f4xx_hal_tim.o(.text.HAL_TIM_PWM_PulseFinishedCallback)
    HAL_TIM_PeriodElapsedCallback            0x08002f89   Thumb Code     2  stm32f4xx_hal_tim.o(.text.HAL_TIM_PeriodElapsedCallback)
    HAL_TIM_TriggerCallback                  0x08002f8d   Thumb Code     2  stm32f4xx_hal_tim.o(.text.HAL_TIM_TriggerCallback)
    HAL_UART_Init                            0x08002f91   Thumb Code    94  stm32f4xx_hal_uart.o(.text.HAL_UART_Init)
    HAL_UART_MspInit                         0x08002ff1   Thumb Code   180  stm32f4xx_hal_msp.o(.text.HAL_UART_MspInit)
    HAL_UART_Transmit                        0x080030a5   Thumb Code   646  stm32f4xx_hal_uart.o(.text.HAL_UART_Transmit)
    HardFault_Handler                        0x0800332d   Thumb Code     2  stm32f4xx_it.o(.text.HardFault_Handler)
    MemManage_Handler                        0x08003331   Thumb Code     2  stm32f4xx_it.o(.text.MemManage_Handler)
    NMI_Handler                              0x08003335   Thumb Code     2  stm32f4xx_it.o(.text.NMI_Handler)
    PendSV_Handler                           0x08003339   Thumb Code     2  stm32f4xx_it.o(.text.PendSV_Handler)
    SVC_Handler                              0x08003421   Thumb Code     2  stm32f4xx_it.o(.text.SVC_Handler)
    SysTick_Handler                          0x08003425   Thumb Code     4  stm32f4xx_it.o(.text.SysTick_Handler)
    SystemClock_Config                       0x08003429   Thumb Code   180  main.o(.text.SystemClock_Config)
    SystemInit                               0x080034dd   Thumb Code    18  system_stm32f4xx.o(.text.SystemInit)
    TIM6_DAC_IRQHandler                      0x080034f1   Thumb Code    12  stm32f4xx_it.o(.text.TIM6_DAC_IRQHandler)
    TIM_Base_SetConfig                       0x080034fd   Thumb Code   316  stm32f4xx_hal_tim.o(.text.TIM_Base_SetConfig)
    USB_CoreInit                             0x08003729   Thumb Code   478  stm32f4xx_ll_usb.o(.text.USB_CoreInit)
    USB_DevDisconnect                        0x08003909   Thumb Code    30  stm32f4xx_ll_usb.o(.text.USB_DevDisconnect)
    USB_DevInit                              0x08003929   Thumb Code  1162  stm32f4xx_ll_usb.o(.text.USB_DevInit)
    USB_DisableGlobalInt                     0x08003db5   Thumb Code    14  stm32f4xx_ll_usb.o(.text.USB_DisableGlobalInt)
    USB_SetCurrentMode                       0x08003dc5   Thumb Code   100  stm32f4xx_ll_usb.o(.text.USB_SetCurrentMode)
    UsageFault_Handler                       0x08003e29   Thumb Code     2  stm32f4xx_it.o(.text.UsageFault_Handler)
    main                                     0x08003e2d   Thumb Code  2080  main.o(.text.main)
    print_msg                                0x080046ed   Thumb Code    34  main.o(.text.print_msg)
    spi_read                                 0x08004711   Thumb Code   192  spi.o(.text.spi_read)
    spi_read_new                             0x080047d1   Thumb Code   194  spi.o(.text.spi_read_new)
    spi_write                                0x08004895   Thumb Code   150  spi.o(.text.spi_write)
    testing_read                             0x0800492d   Thumb Code   108  main.o(.text.testing_read)
    __hardfp_sqrt                            0x080049dd   Thumb Code   122  sqrt.o(i.__hardfp_sqrt)
    _is_digit                                0x08004a57   Thumb Code    14  __printf_wp.o(i._is_digit)
    _get_lc_ctype                            0x08004a65   Thumb Code    44  lc_ctype_c.o(locale$$code)
    __aeabi_d2iz                             0x08004a91   Thumb Code     0  dfix.o(x$fpl$dfix)
    _dfix                                    0x08004a91   Thumb Code    94  dfix.o(x$fpl$dfix)
    __aeabi_i2d                              0x08004aef   Thumb Code     0  dflt_clz.o(x$fpl$dflt)
    _dflt                                    0x08004aef   Thumb Code    46  dflt_clz.o(x$fpl$dflt)
    __fpl_dnaninf                            0x08004b1d   Thumb Code   156  dnaninf.o(x$fpl$dnaninf)
    _dsqrt                                   0x08004bb9   Thumb Code   404  dsqrt_umaal.o(x$fpl$dsqrt)
    _fp_init                                 0x08004d51   Thumb Code    26  fpinit.o(x$fpl$fpinit)
    __fplib_config_fpu_vfp                   0x08004d69   Thumb Code     0  fpinit.o(x$fpl$fpinit)
    __fplib_config_pureend_doubles           0x08004d69   Thumb Code     0  fpinit.o(x$fpl$fpinit)
    __I$use$fp                               0x08004d6a   Number         0  usenofp.o(x$fpl$usenofp)
    AHBPrescTable                            0x08004dad   Data          16  system_stm32f4xx.o(.rodata.AHBPrescTable)
    APBPrescTable                            0x08004dbd   Data           8  system_stm32f4xx.o(.rodata.APBPrescTable)
    Region$$Table$$Base                      0x08004df0   Number         0  anon$$obj.o(Region$$Table)
    Region$$Table$$Limit                     0x08004e10   Number         0  anon$$obj.o(Region$$Table)
    __ctype                                  0x08004e1d   Data           0  lc_ctype_c.o(locale$$data)
    uwTickFreq                               0x20000000   Data           1  stm32f4xx_hal.o(.data..L_MergedGlobals)
    uwTickPrio                               0x20000004   Data           4  stm32f4xx_hal.o(.data..L_MergedGlobals)
    SystemCoreClock                          0x20000008   Data           4  system_stm32f4xx.o(.data.SystemCoreClock)
    threshhold                               0x2000000c   Data           4  main.o(.data.threshhold)
    __libspace_start                         0x20000010   Data          96  libspace.o(.bss)
    __temporary_stack_top$libspace           0x20000070   Data           0  libspace.o(.bss)
    step_count                               0x20000070   Data           4  main.o(.bss..L_MergedGlobals)
    flag                                     0x20000074   Data           4  main.o(.bss..L_MergedGlobals)
    x_avg                                    0x20000078   Data           4  main.o(.bss..L_MergedGlobals)
    y_avg                                    0x2000007c   Data           4  main.o(.bss..L_MergedGlobals)
    z_avg                                    0x20000080   Data           4  main.o(.bss..L_MergedGlobals)
    huart3                                   0x20000084   Data          68  main.o(.bss..L_MergedGlobals)
    hdma_usart3_tx                           0x200000c8   Data          96  main.o(.bss.hdma_usart3_tx)
    hi2c2                                    0x20000128   Data          84  main.o(.bss.hi2c2)
    hpcd_USB_OTG_FS                          0x2000017c   Data        1292  main.o(.bss.hpcd_USB_OTG_FS)
    hspi1                                    0x20000688   Data          88  main.o(.bss.hspi1)
    htim1                                    0x200006e0   Data          72  main.o(.bss.htim1)
    htim6                                    0x20000728   Data          72  main.o(.bss.htim6)
    totave                                   0x20000770   Data          80  main.o(.bss.totave)
    totvect                                  0x200007c0   Data          80  main.o(.bss.totvect)
    uwTick                                   0x20000810   Data           4  stm32f4xx_hal.o(.bss.uwTick)
    x_accl                                   0x20000814   Data          80  main.o(.bss.x_accl)
    x_buff                                   0x20000864   Data          80  main.o(.bss.x_buff)
    y_accl                                   0x200008b4   Data          80  main.o(.bss.y_accl)
    y_buff                                   0x20000904   Data          80  main.o(.bss.y_buff)
    z_accl                                   0x20000954   Data          80  main.o(.bss.z_accl)
    z_buff                                   0x200009a4   Data          80  main.o(.bss.z_buff)



==============================================================================

Memory Map of the image

  Image Entry point : 0x080001c5

  Load Region LR_IROM1 (Base: 0x08000000, Size: 0x00004f30, Max: 0x00080000, ABSOLUTE)

    Execution Region ER_IROM1 (Exec base: 0x08000000, Load base: 0x08000000, Size: 0x00004f20, Max: 0x00080000, ABSOLUTE)

    Exec Addr    Load Addr    Size         Type   Attr      Idx    E Section Name        Object

    0x08000000   0x08000000   0x000001c4   Data   RO            3    RESET               startup_stm32f446xx.o
    0x080001c4   0x080001c4   0x00000008   Code   RO         1667  * !!!main             c_w.l(__main.o)
    0x080001cc   0x080001cc   0x00000034   Code   RO         1977    !!!scatter          c_w.l(__scatter.o)
    0x08000200   0x08000200   0x0000001a   Code   RO         1979    !!handler_copy      c_w.l(__scatter_copy.o)
    0x0800021a   0x0800021a   0x00000002   PAD
    0x0800021c   0x0800021c   0x0000001c   Code   RO         1981    !!handler_zi        c_w.l(__scatter_zi.o)
    0x08000238   0x08000238   0x00000000   Code   RO         1655    .ARM.Collect$$_printf_percent$$00000000  c_w.l(_printf_percent.o)
    0x08000238   0x08000238   0x00000006   Code   RO         1652    .ARM.Collect$$_printf_percent$$00000008  c_w.l(_printf_i.o)
    0x0800023e   0x0800023e   0x00000006   Code   RO         1653    .ARM.Collect$$_printf_percent$$00000009  c_w.l(_printf_d.o)
    0x08000244   0x08000244   0x00000006   Code   RO         1654    .ARM.Collect$$_printf_percent$$0000000A  c_w.l(_printf_u.o)
    0x0800024a   0x0800024a   0x00000006   Code   RO         1651    .ARM.Collect$$_printf_percent$$0000000B  c_w.l(_printf_o.o)
    0x08000250   0x08000250   0x00000006   Code   RO         1650    .ARM.Collect$$_printf_percent$$0000000C  c_w.l(_printf_x.o)
    0x08000256   0x08000256   0x0000000a   Code   RO         1720    .ARM.Collect$$_printf_percent$$00000012  c_w.l(_printf_l.o)
    0x08000260   0x08000260   0x00000006   Code   RO         1649    .ARM.Collect$$_printf_percent$$00000013  c_w.l(_printf_c.o)
    0x08000266   0x08000266   0x00000006   Code   RO         1656    .ARM.Collect$$_printf_percent$$00000015  c_w.l(_printf_lc.o)
    0x0800026c   0x0800026c   0x00000004   Code   RO         1715    .ARM.Collect$$_printf_percent$$00000017  c_w.l(_printf_percent_end.o)
    0x08000270   0x08000270   0x00000002   Code   RO         1832    .ARM.Collect$$libinit$$00000000  c_w.l(libinit.o)
    0x08000272   0x08000272   0x00000004   Code   RO         1849    .ARM.Collect$$libinit$$00000001  c_w.l(libinit2.o)
    0x08000276   0x08000276   0x00000000   Code   RO         1852    .ARM.Collect$$libinit$$00000004  c_w.l(libinit2.o)
    0x08000276   0x08000276   0x00000000   Code   RO         1854    .ARM.Collect$$libinit$$00000006  c_w.l(libinit2.o)
    0x08000276   0x08000276   0x00000000   Code   RO         1857    .ARM.Collect$$libinit$$0000000C  c_w.l(libinit2.o)
    0x08000276   0x08000276   0x00000000   Code   RO         1859    .ARM.Collect$$libinit$$0000000E  c_w.l(libinit2.o)
    0x08000276   0x08000276   0x00000000   Code   RO         1861    .ARM.Collect$$libinit$$00000010  c_w.l(libinit2.o)
    0x08000276   0x08000276   0x00000006   Code   RO         1862    .ARM.Collect$$libinit$$00000011  c_w.l(libinit2.o)
    0x0800027c   0x0800027c   0x00000000   Code   RO         1864    .ARM.Collect$$libinit$$00000013  c_w.l(libinit2.o)
    0x0800027c   0x0800027c   0x0000000c   Code   RO         1865    .ARM.Collect$$libinit$$00000014  c_w.l(libinit2.o)
    0x08000288   0x08000288   0x00000000   Code   RO         1866    .ARM.Collect$$libinit$$00000015  c_w.l(libinit2.o)
    0x08000288   0x08000288   0x00000000   Code   RO         1868    .ARM.Collect$$libinit$$00000017  c_w.l(libinit2.o)
    0x08000288   0x08000288   0x00000000   Code   RO         1870    .ARM.Collect$$libinit$$00000019  c_w.l(libinit2.o)
    0x08000288   0x08000288   0x00000000   Code   RO         1872    .ARM.Collect$$libinit$$0000001B  c_w.l(libinit2.o)
    0x08000288   0x08000288   0x00000000   Code   RO         1874    .ARM.Collect$$libinit$$0000001D  c_w.l(libinit2.o)
    0x08000288   0x08000288   0x00000000   Code   RO         1876    .ARM.Collect$$libinit$$0000001F  c_w.l(libinit2.o)
    0x08000288   0x08000288   0x00000000   Code   RO         1878    .ARM.Collect$$libinit$$00000021  c_w.l(libinit2.o)
    0x08000288   0x08000288   0x00000000   Code   RO         1880    .ARM.Collect$$libinit$$00000023  c_w.l(libinit2.o)
    0x08000288   0x08000288   0x00000000   Code   RO         1882    .ARM.Collect$$libinit$$00000025  c_w.l(libinit2.o)
    0x08000288   0x08000288   0x00000000   Code   RO         1884    .ARM.Collect$$libinit$$00000027  c_w.l(libinit2.o)
    0x08000288   0x08000288   0x00000000   Code   RO         1888    .ARM.Collect$$libinit$$0000002E  c_w.l(libinit2.o)
    0x08000288   0x08000288   0x00000000   Code   RO         1890    .ARM.Collect$$libinit$$00000030  c_w.l(libinit2.o)
    0x08000288   0x08000288   0x00000000   Code   RO         1892    .ARM.Collect$$libinit$$00000032  c_w.l(libinit2.o)
    0x08000288   0x08000288   0x00000000   Code   RO         1894    .ARM.Collect$$libinit$$00000034  c_w.l(libinit2.o)
    0x08000288   0x08000288   0x00000002   Code   RO         1895    .ARM.Collect$$libinit$$00000035  c_w.l(libinit2.o)
    0x0800028a   0x0800028a   0x00000002   Code   RO         1932    .ARM.Collect$$libshutdown$$00000000  c_w.l(libshutdown.o)
    0x0800028c   0x0800028c   0x00000000   Code   RO         1960    .ARM.Collect$$libshutdown$$00000002  c_w.l(libshutdown2.o)
    0x0800028c   0x0800028c   0x00000000   Code   RO         1962    .ARM.Collect$$libshutdown$$00000004  c_w.l(libshutdown2.o)
    0x0800028c   0x0800028c   0x00000000   Code   RO         1965    .ARM.Collect$$libshutdown$$00000007  c_w.l(libshutdown2.o)
    0x0800028c   0x0800028c   0x00000000   Code   RO         1968    .ARM.Collect$$libshutdown$$0000000A  c_w.l(libshutdown2.o)
    0x0800028c   0x0800028c   0x00000000   Code   RO         1970    .ARM.Collect$$libshutdown$$0000000C  c_w.l(libshutdown2.o)
    0x0800028c   0x0800028c   0x00000000   Code   RO         1973    .ARM.Collect$$libshutdown$$0000000F  c_w.l(libshutdown2.o)
    0x0800028c   0x0800028c   0x00000002   Code   RO         1974    .ARM.Collect$$libshutdown$$00000010  c_w.l(libshutdown2.o)
    0x0800028e   0x0800028e   0x00000000   Code   RO         1685    .ARM.Collect$$rtentry$$00000000  c_w.l(__rtentry.o)
    0x0800028e   0x0800028e   0x00000000   Code   RO         1742    .ARM.Collect$$rtentry$$00000002  c_w.l(__rtentry2.o)
    0x0800028e   0x0800028e   0x00000006   Code   RO         1754    .ARM.Collect$$rtentry$$00000004  c_w.l(__rtentry4.o)
    0x08000294   0x08000294   0x00000000   Code   RO         1744    .ARM.Collect$$rtentry$$00000009  c_w.l(__rtentry2.o)
    0x08000294   0x08000294   0x00000004   Code   RO         1745    .ARM.Collect$$rtentry$$0000000A  c_w.l(__rtentry2.o)
    0x08000298   0x08000298   0x00000000   Code   RO         1747    .ARM.Collect$$rtentry$$0000000C  c_w.l(__rtentry2.o)
    0x08000298   0x08000298   0x00000008   Code   RO         1748    .ARM.Collect$$rtentry$$0000000D  c_w.l(__rtentry2.o)
    0x080002a0   0x080002a0   0x00000002   Code   RO         1837    .ARM.Collect$$rtexit$$00000000  c_w.l(rtexit.o)
    0x080002a2   0x080002a2   0x00000000   Code   RO         1901    .ARM.Collect$$rtexit$$00000002  c_w.l(rtexit2.o)
    0x080002a2   0x080002a2   0x00000004   Code   RO         1902    .ARM.Collect$$rtexit$$00000003  c_w.l(rtexit2.o)
    0x080002a6   0x080002a6   0x00000006   Code   RO         1903    .ARM.Collect$$rtexit$$00000004  c_w.l(rtexit2.o)
    0x080002ac   0x080002ac   0x00000040   Code   RO            4    .text               startup_stm32f446xx.o
    0x080002ec   0x080002ec   0x000000f0   Code   RO         1577    .text               c_w.l(lludivv7m.o)
    0x080003dc   0x080003dc   0x0000002c   Code   RO         1581    .text               c_w.l(__2sprintf.o)
    0x08000408   0x08000408   0x0000004e   Code   RO         1591    .text               c_w.l(_printf_pad.o)
    0x08000456   0x08000456   0x00000024   Code   RO         1593    .text               c_w.l(_printf_truncate.o)
    0x0800047a   0x0800047a   0x00000052   Code   RO         1595    .text               c_w.l(_printf_str.o)
    0x080004cc   0x080004cc   0x00000078   Code   RO         1597    .text               c_w.l(_printf_dec.o)
    0x08000544   0x08000544   0x000000bc   Code   RO         1599    .text               c_w.l(_printf_wctomb.o)
    0x08000600   0x08000600   0x00000070   Code   RO         1606    .text               c_w.l(_printf_oct_int_ll.o)
    0x08000670   0x08000670   0x00000094   Code   RO         1626    .text               c_w.l(_printf_hex_int_ll_ptr.o)
    0x08000704   0x08000704   0x00000188   Code   RO         1646    .text               c_w.l(__printf_flags_ss_wp.o)
    0x0800088c   0x0800088c   0x0000003e   Code   RO         1657    .text               c_w.l(strlen.o)
    0x080008ca   0x080008ca   0x0000004e   Code   RO         1663    .text               c_w.l(rt_memclr_w.o)
    0x08000918   0x08000918   0x00000006   Code   RO         1665    .text               c_w.l(heapauxi.o)
    0x0800091e   0x0800091e   0x00000016   Code   RO         1690    .text               c_w.l(_rserrno.o)
    0x08000934   0x08000934   0x000000b2   Code   RO         1692    .text               c_w.l(_printf_intcommon.o)
    0x080009e6   0x080009e6   0x00000002   PAD
    0x080009e8   0x080009e8   0x00000030   Code   RO         1696    .text               c_w.l(_printf_char_common.o)
    0x08000a18   0x08000a18   0x0000000a   Code   RO         1698    .text               c_w.l(_sputc.o)
    0x08000a22   0x08000a22   0x0000002c   Code   RO         1702    .text               c_w.l(_printf_char.o)
    0x08000a4e   0x08000a4e   0x0000002c   Code   RO         1704    .text               c_w.l(_printf_wchar.o)
    0x08000a7a   0x08000a7a   0x00000048   Code   RO         1724    .text               c_w.l(_c16rtomb.o)
    0x08000ac2   0x08000ac2   0x00000002   PAD
    0x08000ac4   0x08000ac4   0x00000010   Code   RO         1756    .text               c_w.l(rt_ctype_table.o)
    0x08000ad4   0x08000ad4   0x00000008   Code   RO         1763    .text               c_w.l(rt_errno_addr_intlibspace.o)
    0x08000adc   0x08000adc   0x00000008   Code   RO         1776    .text               c_w.l(libspace.o)
    0x08000ae4   0x08000ae4   0x0000004a   Code   RO         1779    .text               c_w.l(sys_stackheap_outer.o)
    0x08000b2e   0x08000b2e   0x00000002   PAD
    0x08000b30   0x08000b30   0x00000008   Code   RO         1784    .text               c_w.l(rt_locale_intlibspace.o)
    0x08000b38   0x08000b38   0x00000012   Code   RO         1821    .text               c_w.l(exit.o)
    0x08000b4a   0x08000b4a   0x00000006   PAD
    0x08000b50   0x08000b50   0x0000007c   Code   RO         1847    .text               c_w.l(strcmpv7em.o)
    0x08000bcc   0x08000bcc   0x0000000c   Code   RO         1896    .text               c_w.l(sys_exit.o)
    0x08000bd8   0x08000bd8   0x00000002   Code   RO         1921    .text               c_w.l(use_no_semi.o)
    0x08000bda   0x08000bda   0x00000000   Code   RO         1923    .text               c_w.l(indicate_semi.o)
    0x08000bda   0x08000bda   0x00000002   PAD
    0x08000bdc   0x08000bdc   0x00000002   Code   RO           92    .text.BusFault_Handler  stm32f4xx_it.o
    0x08000bde   0x08000bde   0x00000002   PAD
    0x08000be0   0x08000be0   0x0000000c   Code   RO          104    .text.DMA1_Stream3_IRQHandler  stm32f4xx_it.o
    0x08000bec   0x08000bec   0x00000002   Code   RO           98    .text.DebugMon_Handler  stm32f4xx_it.o
    0x08000bee   0x08000bee   0x00000002   PAD
    0x08000bf0   0x08000bf0   0x0000000a   Code   RO           57    .text.Error_Handler  main.o
    0x08000bfa   0x08000bfa   0x00000002   PAD
    0x08000bfc   0x08000bfc   0x000001c0   Code   RO          583    .text.HAL_DMA_IRQHandler  stm32f4xx_hal_dma.o
    0x08000dbc   0x08000dbc   0x00000162   Code   RO          569    .text.HAL_DMA_Init  stm32f4xx_hal_dma.o
    0x08000f1e   0x08000f1e   0x00000002   PAD
    0x08000f20   0x08000f20   0x00000028   Code   RO          736    .text.HAL_Delay     stm32f4xx_hal.o
    0x08000f48   0x08000f48   0x000001a6   Code   RO          531    .text.HAL_GPIO_Init  stm32f4xx_hal_gpio.o
    0x080010ee   0x080010ee   0x00000002   PAD
    0x080010f0   0x080010f0   0x0000000a   Code   RO          537    .text.HAL_GPIO_WritePin  stm32f4xx_hal_gpio.o
    0x080010fa   0x080010fa   0x00000002   PAD
    0x080010fc   0x080010fc   0x0000000c   Code   RO          728    .text.HAL_GetTick   stm32f4xx_hal.o
    0x08001108   0x08001108   0x00000176   Code   RO          241    .text.HAL_I2C_Init  stm32f4xx_hal_i2c.o
    0x0800127e   0x0800127e   0x00000002   PAD
    0x08001280   0x08001280   0x00000068   Code   RO          117    .text.HAL_I2C_MspInit  stm32f4xx_hal_msp.o
    0x080012e8   0x080012e8   0x0000001a   Code   RO          726    .text.HAL_IncTick   stm32f4xx_hal.o
    0x08001302   0x08001302   0x00000002   PAD
    0x08001304   0x08001304   0x00000036   Code   RO          716    .text.HAL_Init      stm32f4xx_hal.o
    0x0800133a   0x0800133a   0x00000002   PAD
    0x0800133c   0x0800133c   0x00000048   Code   RO          718    .text.HAL_InitTick  stm32f4xx_hal.o
    0x08001384   0x08001384   0x00000038   Code   RO          115    .text.HAL_MspInit   stm32f4xx_hal_msp.o
    0x080013bc   0x080013bc   0x00000026   Code   RO          674    .text.HAL_NVIC_EnableIRQ  stm32f4xx_hal_cortex.o
    0x080013e2   0x080013e2   0x00000002   PAD
    0x080013e4   0x080013e4   0x00000056   Code   RO          672    .text.HAL_NVIC_SetPriority  stm32f4xx_hal_cortex.o
    0x0800143a   0x0800143a   0x00000002   PAD
    0x0800143c   0x0800143c   0x00000020   Code   RO          670    .text.HAL_NVIC_SetPriorityGrouping  stm32f4xx_hal_cortex.o
    0x0800145c   0x0800145c   0x00000026   Code   RO         1441    .text.HAL_PCDEx_ActivateLPM  stm32f4xx_hal_pcd_ex.o
    0x08001482   0x08001482   0x00000002   PAD
    0x08001484   0x08001484   0x00000146   Code   RO         1359    .text.HAL_PCD_Init  stm32f4xx_hal_pcd.o
    0x080015ca   0x080015ca   0x00000002   PAD
    0x080015cc   0x080015cc   0x000000a4   Code   RO          139    .text.HAL_PCD_MspInit  stm32f4xx_hal_msp.o
    0x08001670   0x08001670   0x0000042e   Code   RO          423    .text.HAL_RCCEx_PeriphCLKConfig  stm32f4xx_hal_rcc_ex.o
    0x08001a9e   0x08001a9e   0x00000002   PAD
    0x08001aa0   0x08001aa0   0x00000160   Code   RO          391    .text.HAL_RCC_ClockConfig  stm32f4xx_hal_rcc.o
    0x08001c00   0x08001c00   0x00000026   Code   RO          403    .text.HAL_RCC_GetPCLK1Freq  stm32f4xx_hal_rcc.o
    0x08001c26   0x08001c26   0x00000002   PAD
    0x08001c28   0x08001c28   0x00000026   Code   RO          405    .text.HAL_RCC_GetPCLK2Freq  stm32f4xx_hal_rcc.o
    0x08001c4e   0x08001c4e   0x00000002   PAD
    0x08001c50   0x08001c50   0x000000a6   Code   RO          439    .text.HAL_RCC_GetSysClockFreq  stm32f4xx_hal_rcc_ex.o
    0x08001cf6   0x08001cf6   0x00000002   PAD
    0x08001cf8   0x08001cf8   0x000003a6   Code   RO          443    .text.HAL_RCC_OscConfig  stm32f4xx_hal_rcc_ex.o
    0x0800209e   0x0800209e   0x00000002   PAD
    0x080020a0   0x080020a0   0x000000b4   Code   RO          806    .text.HAL_SPI_Init  stm32f4xx_hal_spi.o
    0x08002154   0x08002154   0x0000006a   Code   RO          121    .text.HAL_SPI_MspInit  stm32f4xx_hal_msp.o
    0x080021be   0x080021be   0x00000002   PAD
    0x080021c0   0x080021c0   0x000001f2   Code   RO          816    .text.HAL_SPI_Receive  stm32f4xx_hal_spi.o
    0x080023b2   0x080023b2   0x00000002   PAD
    0x080023b4   0x080023b4   0x00000252   Code   RO          814    .text.HAL_SPI_Transmit  stm32f4xx_hal_spi.o
    0x08002606   0x08002606   0x00000002   PAD
    0x08002608   0x08002608   0x00000318   Code   RO          818    .text.HAL_SPI_TransmitReceive  stm32f4xx_hal_spi.o
    0x08002920   0x08002920   0x0000002c   Code   RO          682    .text.HAL_SYSTICK_Config  stm32f4xx_hal_cortex.o
    0x0800294c   0x0800294c   0x00000002   Code   RO         1225    .text.HAL_TIMEx_BreakCallback  stm32f4xx_hal_tim_ex.o
    0x0800294e   0x0800294e   0x00000002   PAD
    0x08002950   0x08002950   0x00000002   Code   RO         1221    .text.HAL_TIMEx_CommutCallback  stm32f4xx_hal_tim_ex.o
    0x08002952   0x08002952   0x00000002   PAD
    0x08002954   0x08002954   0x0000004c   Code   RO         1217    .text.HAL_TIMEx_ConfigBreakDeadTime  stm32f4xx_hal_tim_ex.o
    0x080029a0   0x080029a0   0x000000b6   Code   RO         1215    .text.HAL_TIMEx_MasterConfigSynchronization  stm32f4xx_hal_tim_ex.o
    0x08002a56   0x08002a56   0x00000002   PAD
    0x08002a58   0x08002a58   0x0000005a   Code   RO          920    .text.HAL_TIM_Base_Init  stm32f4xx_hal_tim.o
    0x08002ab2   0x08002ab2   0x00000002   PAD
    0x08002ab4   0x08002ab4   0x0000004a   Code   RO          127    .text.HAL_TIM_Base_MspInit  stm32f4xx_hal_msp.o
    0x08002afe   0x08002afe   0x00000002   PAD
    0x08002b00   0x08002b00   0x00000002   Code   RO         1056    .text.HAL_TIM_IC_CaptureCallback  stm32f4xx_hal_tim.o
    0x08002b02   0x08002b02   0x00000002   PAD
    0x08002b04   0x08002b04   0x00000170   Code   RO         1054    .text.HAL_TIM_IRQHandler  stm32f4xx_hal_tim.o
    0x08002c74   0x08002c74   0x00000052   Code   RO          129    .text.HAL_TIM_MspPostInit  stm32f4xx_hal_msp.o
    0x08002cc6   0x08002cc6   0x00000002   PAD
    0x08002cc8   0x08002cc8   0x00000002   Code   RO         1058    .text.HAL_TIM_OC_DelayElapsedCallback  stm32f4xx_hal_tim.o
    0x08002cca   0x08002cca   0x00000002   PAD
    0x08002ccc   0x08002ccc   0x00000222   Code   RO         1074    .text.HAL_TIM_PWM_ConfigChannel  stm32f4xx_hal_tim.o
    0x08002eee   0x08002eee   0x00000002   PAD
    0x08002ef0   0x08002ef0   0x0000005a   Code   RO          974    .text.HAL_TIM_PWM_Init  stm32f4xx_hal_tim.o
    0x08002f4a   0x08002f4a   0x00000002   PAD
    0x08002f4c   0x08002f4c   0x00000036   Code   RO          125    .text.HAL_TIM_PWM_MspInit  stm32f4xx_hal_msp.o
    0x08002f82   0x08002f82   0x00000002   PAD
    0x08002f84   0x08002f84   0x00000002   Code   RO         1060    .text.HAL_TIM_PWM_PulseFinishedCallback  stm32f4xx_hal_tim.o
    0x08002f86   0x08002f86   0x00000002   PAD
    0x08002f88   0x08002f88   0x00000002   Code   RO         1062    .text.HAL_TIM_PeriodElapsedCallback  stm32f4xx_hal_tim.o
    0x08002f8a   0x08002f8a   0x00000002   PAD
    0x08002f8c   0x08002f8c   0x00000002   Code   RO         1064    .text.HAL_TIM_TriggerCallback  stm32f4xx_hal_tim.o
    0x08002f8e   0x08002f8e   0x00000002   PAD
    0x08002f90   0x08002f90   0x0000005e   Code   RO         1239    .text.HAL_UART_Init  stm32f4xx_hal_uart.o
    0x08002fee   0x08002fee   0x00000002   PAD
    0x08002ff0   0x08002ff0   0x000000b4   Code   RO          135    .text.HAL_UART_MspInit  stm32f4xx_hal_msp.o
    0x080030a4   0x080030a4   0x00000286   Code   RO         1255    .text.HAL_UART_Transmit  stm32f4xx_hal_uart.o
    0x0800332a   0x0800332a   0x00000002   PAD
    0x0800332c   0x0800332c   0x00000002   Code   RO           88    .text.HardFault_Handler  stm32f4xx_it.o
    0x0800332e   0x0800332e   0x00000002   PAD
    0x08003330   0x08003330   0x00000002   Code   RO           90    .text.MemManage_Handler  stm32f4xx_it.o
    0x08003332   0x08003332   0x00000002   PAD
    0x08003334   0x08003334   0x00000002   Code   RO           86    .text.NMI_Handler   stm32f4xx_it.o
    0x08003336   0x08003336   0x00000002   PAD
    0x08003338   0x08003338   0x00000002   Code   RO          100    .text.PendSV_Handler  stm32f4xx_it.o
    0x0800333a   0x0800333a   0x00000002   PAD
    0x0800333c   0x0800333c   0x000000e4   Code   RO          910    .text.SPI_WaitFlagStateUntilTimeout  stm32f4xx_hal_spi.o
    0x08003420   0x08003420   0x00000002   Code   RO           96    .text.SVC_Handler   stm32f4xx_it.o
    0x08003422   0x08003422   0x00000002   PAD
    0x08003424   0x08003424   0x00000004   Code   RO          102    .text.SysTick_Handler  stm32f4xx_it.o
    0x08003428   0x08003428   0x000000b4   Code   RO           55    .text.SystemClock_Config  main.o
    0x080034dc   0x080034dc   0x00000012   Code   RO         1561    .text.SystemInit    system_stm32f4xx.o
    0x080034ee   0x080034ee   0x00000002   PAD
    0x080034f0   0x080034f0   0x0000000c   Code   RO          106    .text.TIM6_DAC_IRQHandler  stm32f4xx_it.o
    0x080034fc   0x080034fc   0x0000013c   Code   RO          924    .text.TIM_Base_SetConfig  stm32f4xx_hal_tim.o
    0x08003638   0x08003638   0x000000ee   Code   RO         1243    .text.UART_SetConfig  stm32f4xx_hal_uart.o
    0x08003726   0x08003726   0x00000002   PAD
    0x08003728   0x08003728   0x000001de   Code   RO         1457    .text.USB_CoreInit  stm32f4xx_ll_usb.o
    0x08003906   0x08003906   0x00000002   PAD
    0x08003908   0x08003908   0x0000001e   Code   RO         1507    .text.USB_DevDisconnect  stm32f4xx_ll_usb.o
    0x08003926   0x08003926   0x00000002   PAD
    0x08003928   0x08003928   0x0000048a   Code   RO         1469    .text.USB_DevInit   stm32f4xx_ll_usb.o
    0x08003db2   0x08003db2   0x00000002   PAD
    0x08003db4   0x08003db4   0x0000000e   Code   RO         1463    .text.USB_DisableGlobalInt  stm32f4xx_ll_usb.o
    0x08003dc2   0x08003dc2   0x00000002   PAD
    0x08003dc4   0x08003dc4   0x00000064   Code   RO         1465    .text.USB_SetCurrentMode  stm32f4xx_ll_usb.o
    0x08003e28   0x08003e28   0x00000002   Code   RO           94    .text.UsageFault_Handler  stm32f4xx_it.o
    0x08003e2a   0x08003e2a   0x00000002   PAD
    0x08003e2c   0x08003e2c   0x000008c0   Code   RO           53    .text.main          main.o
    0x080046ec   0x080046ec   0x00000022   Code   RO           45    .text.print_msg     main.o
    0x0800470e   0x0800470e   0x00000002   PAD
    0x08004710   0x08004710   0x000000c0   Code   RO           28    .text.spi_read      spi.o
    0x080047d0   0x080047d0   0x000000c2   Code   RO           30    .text.spi_read_new  spi.o
    0x08004892   0x08004892   0x00000002   PAD
    0x08004894   0x08004894   0x00000096   Code   RO           26    .text.spi_write     spi.o
    0x0800492a   0x0800492a   0x00000002   PAD
    0x0800492c   0x0800492c   0x000000b0   Code   RO           47    .text.testing_read  main.o
    0x080049dc   0x080049dc   0x0000007a   Code   RO         1679    i.__hardfp_sqrt     m_wm.l(sqrt.o)
    0x08004a56   0x08004a56   0x0000000e   Code   RO         1639    i._is_digit         c_w.l(__printf_wp.o)
    0x08004a64   0x08004a64   0x0000002c   Code   RO         1816    locale$$code        c_w.l(lc_ctype_c.o)
    0x08004a90   0x08004a90   0x0000005e   Code   RO         1669    x$fpl$dfix          fz_wm.l(dfix.o)
    0x08004aee   0x08004aee   0x0000002e   Code   RO         1674    x$fpl$dflt          fz_wm.l(dflt_clz.o)
    0x08004b1c   0x08004b1c   0x0000009c   Code   RO         1728    x$fpl$dnaninf       fz_wm.l(dnaninf.o)
    0x08004bb8   0x08004bb8   0x00000198   Code   RO         1730    x$fpl$dsqrt         fz_wm.l(dsqrt_umaal.o)
    0x08004d50   0x08004d50   0x0000001a   Code   RO         1915    x$fpl$fpinit        fz_wm.l(fpinit.o)
    0x08004d6a   0x08004d6a   0x00000000   Code   RO         1740    x$fpl$usenofp       fz_wm.l(usenofp.o)
    0x08004d6a   0x08004d6a   0x00000002   PAD
    0x08004d6c   0x08004d6c   0x00000008   Data   RO         1600    .constdata          c_w.l(_printf_wctomb.o)
    0x08004d74   0x08004d74   0x00000028   Data   RO         1627    .constdata          c_w.l(_printf_hex_int_ll_ptr.o)
    0x08004d9c   0x08004d9c   0x00000011   Data   RO         1647    .constdata          c_w.l(__printf_flags_ss_wp.o)
    0x08004dad   0x08004dad   0x00000010   Data   RO         1566    .rodata.AHBPrescTable  system_stm32f4xx.o
    0x08004dbd   0x08004dbd   0x00000008   Data   RO         1567    .rodata.APBPrescTable  system_stm32f4xx.o
    0x08004dc5   0x08004dc5   0x00000008   Data   RO          593    .rodata.cst8        stm32f4xx_hal_dma.o
    0x08004dcd   0x08004dcd   0x00000014   Data   RO           36    .rodata.str1.1      spi.o
    0x08004de1   0x08004de1   0x0000000e   Data   RO           63    .rodata.str1.1      main.o
    0x08004def   0x08004def   0x00000001   PAD
    0x08004df0   0x08004df0   0x00000020   Data   RO         1976    Region$$Table       anon$$obj.o
    0x08004e10   0x08004e10   0x00000110   Data   RO         1815    locale$$data        c_w.l(lc_ctype_c.o)


    Execution Region RW_IRAM1 (Exec base: 0x20000000, Load base: 0x08004f20, Size: 0x00000ff8, Max: 0x00020000, ABSOLUTE)

    Exec Addr    Load Addr    Size         Type   Attr      Idx    E Section Name        Object

    0x20000000   0x08004f20   0x00000008   Data   RW          771    .data..L_MergedGlobals  stm32f4xx_hal.o
    0x20000008   0x08004f28   0x00000004   Data   RW         1565    .data.SystemCoreClock  system_stm32f4xx.o
    0x2000000c   0x08004f2c   0x00000004   Data   RW           59    .data.threshhold    main.o
    0x20000010        -       0x00000060   Zero   RW         1777    .bss                c_w.l(libspace.o)
    0x20000070        -       0x00000058   Zero   RW           77    .bss..L_MergedGlobals  main.o
    0x200000c8        -       0x00000060   Zero   RW           73    .bss.hdma_usart3_tx  main.o
    0x20000128        -       0x00000054   Zero   RW           69    .bss.hi2c2          main.o
    0x2000017c        -       0x0000050c   Zero   RW           74    .bss.hpcd_USB_OTG_FS  main.o
    0x20000688        -       0x00000058   Zero   RW           70    .bss.hspi1          main.o
    0x200006e0        -       0x00000048   Zero   RW           71    .bss.htim1          main.o
    0x20000728        -       0x00000048   Zero   RW           72    .bss.htim6          main.o
    0x20000770        -       0x00000050   Zero   RW           68    .bss.totave         main.o
    0x200007c0        -       0x00000050   Zero   RW           67    .bss.totvect        main.o
    0x20000810        -       0x00000004   Zero   RW          770    .bss.uwTick         stm32f4xx_hal.o
    0x20000814        -       0x00000050   Zero   RW           64    .bss.x_accl         main.o
    0x20000864        -       0x00000050   Zero   RW           60    .bss.x_buff         main.o
    0x200008b4        -       0x00000050   Zero   RW           65    .bss.y_accl         main.o
    0x20000904        -       0x00000050   Zero   RW           61    .bss.y_buff         main.o
    0x20000954        -       0x00000050   Zero   RW           66    .bss.z_accl         main.o
    0x200009a4        -       0x00000050   Zero   RW           62    .bss.z_buff         main.o
    0x200009f4   0x08004f30   0x00000004   PAD
    0x200009f8        -       0x00000200   Zero   RW            2    HEAP                startup_stm32f446xx.o
    0x20000bf8        -       0x00000400   Zero   RW            1    STACK               startup_stm32f446xx.o


==============================================================================

Image component sizes


      Code (inc. data)   RO Data    RW Data    ZI Data      Debug   Object Name

      2640        228         14          4       2432      21211   main.o
       536          0         20          0          0       4836   spi.o
        64         26        452          0       1536        872   startup_stm32f446xx.o
       204          0          0          8          4       7488   stm32f4xx_hal.o
       200          0          0          0          0      10629   stm32f4xx_hal_cortex.o
       802          6          8          0          0      10601   stm32f4xx_hal_dma.o
       432          0          0          0          0       5375   stm32f4xx_hal_gpio.o
       374          0          0          0          0      53715   stm32f4xx_hal_i2c.o
       820          0          0          0          0      16640   stm32f4xx_hal_msp.o
       326          0          0          0          0      17106   stm32f4xx_hal_pcd.o
        38          0          0          0          0       5196   stm32f4xx_hal_pcd_ex.o
       428          0          0          0          0       7542   stm32f4xx_hal_rcc.o
      2170          4          0          0          0      11106   stm32f4xx_hal_rcc_ex.o
      2292          0          0          0          0      26051   stm32f4xx_hal_spi.o
      1420          4          0          0          0      55038   stm32f4xx_hal_tim.o
       262          0          0          0          0      21243   stm32f4xx_hal_tim_ex.o
       978          0          0          0          0      31720   stm32f4xx_hal_uart.o
        44          0          0          0          0       4592   stm32f4xx_it.o
      1784          0          0          0          0      32602   stm32f4xx_ll_usb.o
        18          0         24          4          0       2739   system_stm32f4xx.o

    ----------------------------------------------------------------------
     15936        268        551         16       3976     346302   Object Totals
         0          0         32          0          0          0   (incl. Generated)
       104          0          1          0          4          0   (incl. Padding)

    ----------------------------------------------------------------------

      Code (inc. data)   RO Data    RW Data    ZI Data      Debug   Library Member Name

        44          6          0          0          0         84   __2sprintf.o
         8          0          0          0          0         68   __main.o
       392          4         17          0          0         92   __printf_flags_ss_wp.o
        14          0          0          0          0         68   __printf_wp.o
         0          0          0          0          0          0   __rtentry.o
        12          0          0          0          0          0   __rtentry2.o
         6          0          0          0          0          0   __rtentry4.o
        52          8          0          0          0          0   __scatter.o
        26          0          0          0          0          0   __scatter_copy.o
        28          0          0          0          0          0   __scatter_zi.o
        72          0          0          0          0         96   _c16rtomb.o
         6          0          0          0          0          0   _printf_c.o
        44          0          0          0          0        108   _printf_char.o
        48          6          0          0          0         96   _printf_char_common.o
         6          0          0          0          0          0   _printf_d.o
       120         16          0          0          0         92   _printf_dec.o
       148          4         40          0          0        160   _printf_hex_int_ll_ptr.o
         6          0          0          0          0          0   _printf_i.o
       178          0          0          0          0         88   _printf_intcommon.o
        10          0          0          0          0          0   _printf_l.o
         6          0          0          0          0          0   _printf_lc.o
         6          0          0          0          0          0   _printf_o.o
       112          8          0          0          0        124   _printf_oct_int_ll.o
        78          0          0          0          0        108   _printf_pad.o
         0          0          0          0          0          0   _printf_percent.o
         4          0          0          0          0          0   _printf_percent_end.o
        82          0          0          0          0         80   _printf_str.o
        36          0          0          0          0         84   _printf_truncate.o
         6          0          0          0          0          0   _printf_u.o
        44          0          0          0          0        108   _printf_wchar.o
       188          6          8          0          0         92   _printf_wctomb.o
         6          0          0          0          0          0   _printf_x.o
        22          0          0          0          0        100   _rserrno.o
        10          0          0          0          0         68   _sputc.o
        18          0          0          0          0         80   exit.o
         6          0          0          0          0        152   heapauxi.o
         0          0          0          0          0          0   indicate_semi.o
        44         10        272          0          0         76   lc_ctype_c.o
         2          0          0          0          0          0   libinit.o
        24          0          0          0          0          0   libinit2.o
         2          0          0          0          0          0   libshutdown.o
         2          0          0          0          0          0   libshutdown2.o
         8          4          0          0         96         68   libspace.o
       240          0          0          0          0        100   lludivv7m.o
        16          4          0          0          0         76   rt_ctype_table.o
         8          4          0          0          0         68   rt_errno_addr_intlibspace.o
         8          4          0          0          0         68   rt_locale_intlibspace.o
        78          0          0          0          0         80   rt_memclr_w.o
         2          0          0          0          0          0   rtexit.o
        10          0          0          0          0          0   rtexit2.o
       124          0          0          0          0         88   strcmpv7em.o
        62          0          0          0          0         76   strlen.o
        12          4          0          0          0         68   sys_exit.o
        74          0          0          0          0         80   sys_stackheap_outer.o
         2          0          0          0          0         68   use_no_semi.o
        94          4          0          0          0        140   dfix.o
        46          0          0          0          0        116   dflt_clz.o
       156          4          0          0          0        140   dnaninf.o
       408         56          0          0          0        168   dsqrt_umaal.o
        26          0          0          0          0        116   fpinit.o
         0          0          0          0          0          0   usenofp.o
       122          0          0          0          0        148   sqrt.o

    ----------------------------------------------------------------------
      3432        152        337          0         96       3692   Library Totals
        18          0          0          0          0          0   (incl. Padding)

    ----------------------------------------------------------------------

      Code (inc. data)   RO Data    RW Data    ZI Data      Debug   Library Name

      2562         88        337          0         96       2864   c_w.l
       730         64          0          0          0        680   fz_wm.l
       122          0          0          0          0        148   m_wm.l

    ----------------------------------------------------------------------
      3432        152        337          0         96       3692   Library Totals

    ----------------------------------------------------------------------

==============================================================================


      Code (inc. data)   RO Data    RW Data    ZI Data      Debug   

     19368        420        888         16       4072     347778   Grand Totals
     19368        420        888         16       4072     347778   ELF Image Totals
     19368        420        888         16          0          0   ROM Totals

==============================================================================

    Total RO  Size (Code + RO Data)                20256 (  19.78kB)
    Total RW  Size (RW Data + ZI Data)              4088 (   3.99kB)
    Total ROM Size (Code + RO Data + RW Data)      20272 (  19.80kB)

==============================================================================

